Dynamic env: team_size=1-6 per team, init=spawn_line (fixed), tag_removes_agent=False, reinforcement_interval=0, reinforcement_prob=0.5, score_ends_episode=True, red_stationary=False
Red team using built-in heuristic (combined CTF, easy mode).
PPO train_batch_size=16000 (0=auto: 16000 headless, 500 with --render); envs_per_env_runner=1.
Dynamic env: team_size=1-6 per team, init=spawn_line (fixed), tag_removes_agent=False, reinforcement_interval=0, reinforcement_prob=0.5, score_ends_episode=True, red_stationary=False
Red team using built-in heuristic (combined CTF, easy mode).
PPO train_batch_size=16000 (0=auto: 16000 headless, 500 with --render); envs_per_env_runner=1.
Training started (new run).
Dynamic env: team_size=1-6 per team, init=spawn_line (fixed), tag_removes_agent=False, reinforcement_interval=0, reinforcement_prob=0.5, score_ends_episode=True, red_stationary=False
Red team using built-in heuristic (combined CTF, easy mode).
PPO train_batch_size=16000 (0=auto: 16000 headless, 500 with --render); envs_per_env_runner=1.
Training started (new run).
Dynamic env: team_size=1-6 per team, init=spawn_line (fixed), tag_removes_agent=False, reinforcement_interval=0, reinforcement_prob=0.5, score_ends_episode=True, red_stationary=False
Red team using built-in heuristic (combined CTF, easy mode).
PPO train_batch_size=16000 (0=auto: 16000 headless, 500 with --render); envs_per_env_runner=1.
Training started (new run).
Dynamic env: team_size=1-6 per team, init=spawn_line (fixed), tag_removes_agent=False, reinforcement_interval=0, reinforcement_prob=0.5, score_ends_episode=True, red_stationary=False
Red team using built-in heuristic (combined CTF, easy mode).
PPO train_batch_size=16000 (0=auto: 16000 headless, 500 with --render); envs_per_env_runner=1.
Training started (new run).
Dynamic env: team_size=1-6 per team, init=spawn_line (fixed), tag_removes_agent=False, reinforcement_interval=0, reinforcement_prob=0.5, score_ends_episode=True, red_stationary=False
Red team using built-in heuristic (combined CTF, easy mode).
PPO train_batch_size=16000 (0=auto: 16000 headless, 500 with --render); envs_per_env_runner=1.
Training started (new run).
Iter 0: return_mean=-5.01, entropy=n/a, policy_loss=n/a, time=86.2s/iter (est. ~4311s per 50 iters)
Iter 1: return_mean=-2.87, entropy=n/a, policy_loss=n/a, time=96.0s/iter (est. ~4800s per 50 iters)
Saved checkpoint to ./training/ray_dynamic_6v6_v1/iter_1
Dynamic env: team_size=1-6 per team, init=spawn_line (fixed), tag_removes_agent=False, reinforcement_interval=0, reinforcement_prob=0.5, score_ends_episode=True, red_stationary=False
Red team using built-in heuristic (combined CTF, easy mode).
PPO train_batch_size=16000 (0=auto: 16000 headless, 500 with --render); envs_per_env_runner=1.
Training started (new run).
Dynamic env: team_size=1-6 per team, init=spawn_line (fixed), tag_removes_agent=False, reinforcement_interval=0, reinforcement_prob=0.5, score_ends_episode=True, red_stationary=False
Red team using built-in heuristic (combined CTF, easy mode).
Resuming from C:\Users\Joeyt\Documents\GMU\CS_491\pyquaticus-dynamic2026\training\ray_dynamic_6v6_v1\iter_1 (next iteration 2)
Blue weights restored from resume checkpoint.
Red opponent: easy (current args). Blue weights restored from checkpoint.
Iter 5: return_mean=0.35, entropy=n/a, policy_loss=n/a, time=77.2s/iter (est. ~3861s per 50 iters)
Saved checkpoint to ./training/ray_dynamic_6v6_v1/iter_5
Iter 10: return_mean=-1.16, entropy=n/a, policy_loss=n/a, time=96.6s/iter (est. ~4828s per 50 iters)
Saved checkpoint to ./training/ray_dynamic_6v6_v1/iter_10
Iter 15: return_mean=-1.01, entropy=n/a, policy_loss=n/a, time=85.3s/iter (est. ~4264s per 50 iters)
Saved checkpoint to ./training/ray_dynamic_6v6_v1/iter_15
