Dynamic env: team_size=1-3 per team, init=spawn_line (fixed), tag_removes_agent=False, reinforcement_interval=0, reinforcement_prob=0.5, score_ends_episode=False, red_stationary=False
Red team using do-nothing policy (always no-op actions).
Training started (new run).
Iter 0: return_mean=n/a (no completed episodes yet), entropy=3.2158, policy_loss=-0.0055, time=29.8s/iter (est. ~1492s per 50 iters)
Iter 12: return_mean=-1.30, entropy=3.1901, policy_loss=-0.0115, time=30.2s/iter (est. ~1512s per 50 iters)
Saved checkpoint to ./ray_dynamic_joey_v8\iter_12
Iter 24: return_mean=0.05, entropy=3.1989, policy_loss=-0.0107, time=28.9s/iter (est. ~1447s per 50 iters)
Saved checkpoint to ./ray_dynamic_joey_v8\iter_24
Iter 36: return_mean=0.22, entropy=3.1982, policy_loss=-0.0141, time=29.9s/iter (est. ~1494s per 50 iters)
Saved checkpoint to ./ray_dynamic_joey_v8\iter_36
Iter 48: return_mean=0.45, entropy=3.1911, policy_loss=-0.0150, time=30.6s/iter (est. ~1529s per 50 iters)
Saved checkpoint to ./ray_dynamic_joey_v8\iter_48
Iter 60: return_mean=0.66, entropy=3.1666, policy_loss=-0.0182, time=31.5s/iter (est. ~1573s per 50 iters)
Saved checkpoint to ./ray_dynamic_joey_v8\iter_60
Iter 72: return_mean=0.50, entropy=3.1522, policy_loss=-0.0146, time=29.0s/iter (est. ~1451s per 50 iters)
Saved checkpoint to ./ray_dynamic_joey_v8\iter_72
Iter 84: return_mean=0.46, entropy=3.1755, policy_loss=-0.0176, time=35.0s/iter (est. ~1748s per 50 iters)
Saved checkpoint to ./ray_dynamic_joey_v8\iter_84
Iter 96: return_mean=0.38, entropy=3.1521, policy_loss=-0.0161, time=29.1s/iter (est. ~1453s per 50 iters)
Saved checkpoint to ./ray_dynamic_joey_v8\iter_96
Iter 108: return_mean=0.63, entropy=3.1679, policy_loss=-0.0143, time=31.3s/iter (est. ~1567s per 50 iters)
Saved checkpoint to ./ray_dynamic_joey_v8\iter_108
Iter 120: return_mean=0.64, entropy=3.1659, policy_loss=-0.0152, time=29.8s/iter (est. ~1489s per 50 iters)
Saved checkpoint to ./ray_dynamic_joey_v8\iter_120
Iter 132: return_mean=0.65, entropy=3.1508, policy_loss=-0.0162, time=30.6s/iter (est. ~1531s per 50 iters)
Saved checkpoint to ./ray_dynamic_joey_v8\iter_132
