Dynamic env: team_size=1-3 per team, init=random_on_own_side, tag_removes_agent=False, reinforcement_interval=0, reinforcement_prob=0.5
Red team using do-nothing policy (always no-op actions).
Training started (new run).
Iter 0: return_mean=n/a (no completed episodes yet), entropy=2.8288, policy_loss=-0.0046, time=27.3s/iter (est. ~1365s per 50 iters)
Iter 12: return_mean=-1.92, entropy=2.7751, policy_loss=-0.0133, time=26.0s/iter (est. ~1300s per 50 iters)
Saved checkpoint to ./ray_dynamic_v2/iter_12
Iter 24: return_mean=-0.44, entropy=2.7643, policy_loss=-0.0181, time=24.8s/iter (est. ~1241s per 50 iters)
Saved checkpoint to ./ray_dynamic_v2/iter_24
Iter 36: return_mean=-0.30, entropy=2.7666, policy_loss=-0.0155, time=24.8s/iter (est. ~1240s per 50 iters)
Saved checkpoint to ./ray_dynamic_v2/iter_36
Iter 48: return_mean=-0.15, entropy=2.7572, policy_loss=-0.0177, time=24.8s/iter (est. ~1239s per 50 iters)
Saved checkpoint to ./ray_dynamic_v2/iter_48
Iter 60: return_mean=-0.15, entropy=2.7565, policy_loss=-0.0191, time=24.8s/iter (est. ~1240s per 50 iters)
Saved checkpoint to ./ray_dynamic_v2/iter_60
Iter 72: return_mean=0.07, entropy=2.7195, policy_loss=-0.0139, time=25.1s/iter (est. ~1255s per 50 iters)
Saved checkpoint to ./ray_dynamic_v2/iter_72
Iter 84: return_mean=0.27, entropy=2.7306, policy_loss=-0.0164, time=25.0s/iter (est. ~1249s per 50 iters)
Saved checkpoint to ./ray_dynamic_v2/iter_84
Iter 96: return_mean=0.58, entropy=2.7320, policy_loss=-0.0191, time=24.7s/iter (est. ~1233s per 50 iters)
Saved checkpoint to ./ray_dynamic_v2/iter_96
Iter 108: return_mean=0.55, entropy=2.6497, policy_loss=-0.0154, time=24.8s/iter (est. ~1238s per 50 iters)
Saved checkpoint to ./ray_dynamic_v2/iter_108
Iter 120: return_mean=1.46, entropy=2.6436, policy_loss=-0.0172, time=24.8s/iter (est. ~1242s per 50 iters)
Saved checkpoint to ./ray_dynamic_v2/iter_120
Iter 132: return_mean=1.64, entropy=2.6971, policy_loss=-0.0199, time=24.8s/iter (est. ~1238s per 50 iters)
Saved checkpoint to ./ray_dynamic_v2/iter_132
Iter 144: return_mean=1.89, entropy=2.6044, policy_loss=-0.0215, time=24.8s/iter (est. ~1240s per 50 iters)
Saved checkpoint to ./ray_dynamic_v2/iter_144
Iter 156: return_mean=2.53, entropy=2.7051, policy_loss=-0.0220, time=24.8s/iter (est. ~1242s per 50 iters)
Saved checkpoint to ./ray_dynamic_v2/iter_156
Iter 168: return_mean=2.28, entropy=2.6204, policy_loss=-0.0280, time=24.9s/iter (est. ~1243s per 50 iters)
Saved checkpoint to ./ray_dynamic_v2/iter_168
Iter 180: return_mean=2.48, entropy=2.6385, policy_loss=-0.0245, time=24.8s/iter (est. ~1240s per 50 iters)
Saved checkpoint to ./ray_dynamic_v2/iter_180
Iter 192: return_mean=2.45, entropy=2.6176, policy_loss=-0.0241, time=24.8s/iter (est. ~1242s per 50 iters)
Saved checkpoint to ./ray_dynamic_v2/iter_192
Iter 204: return_mean=2.58, entropy=2.6567, policy_loss=-0.0231, time=24.9s/iter (est. ~1245s per 50 iters)
Saved checkpoint to ./ray_dynamic_v2/iter_204
Iter 216: return_mean=2.26, entropy=2.6250, policy_loss=-0.0289, time=24.8s/iter (est. ~1241s per 50 iters)
Saved checkpoint to ./ray_dynamic_v2/iter_216
Iter 228: return_mean=1.92, entropy=2.6740, policy_loss=-0.0270, time=24.8s/iter (est. ~1240s per 50 iters)
Saved checkpoint to ./ray_dynamic_v2/iter_228
Iter 240: return_mean=2.11, entropy=2.6204, policy_loss=-0.0257, time=24.8s/iter (est. ~1242s per 50 iters)
Saved checkpoint to ./ray_dynamic_v2/iter_240
Iter 252: return_mean=2.54, entropy=2.6196, policy_loss=-0.0276, time=24.8s/iter (est. ~1239s per 50 iters)
Saved checkpoint to ./ray_dynamic_v2/iter_252
Iter 264: return_mean=2.66, entropy=2.6520, policy_loss=-0.0260, time=24.8s/iter (est. ~1242s per 50 iters)
Saved checkpoint to ./ray_dynamic_v2/iter_264
Iter 276: return_mean=2.63, entropy=2.6239, policy_loss=-0.0270, time=24.9s/iter (est. ~1243s per 50 iters)
Saved checkpoint to ./ray_dynamic_v2/iter_276
Iter 288: return_mean=2.37, entropy=2.6210, policy_loss=-0.0270, time=25.0s/iter (est. ~1249s per 50 iters)
Saved checkpoint to ./ray_dynamic_v2/iter_288
Iter 300: return_mean=2.36, entropy=2.6120, policy_loss=-0.0283, time=24.8s/iter (est. ~1242s per 50 iters)
Saved checkpoint to ./ray_dynamic_v2/iter_300
Iter 312: return_mean=2.21, entropy=2.6598, policy_loss=-0.0275, time=24.9s/iter (est. ~1244s per 50 iters)
Saved checkpoint to ./ray_dynamic_v2/iter_312
Iter 324: return_mean=2.18, entropy=2.6380, policy_loss=-0.0275, time=24.9s/iter (est. ~1247s per 50 iters)
Saved checkpoint to ./ray_dynamic_v2/iter_324
Iter 336: return_mean=2.27, entropy=2.6387, policy_loss=-0.0248, time=24.9s/iter (est. ~1244s per 50 iters)
Saved checkpoint to ./ray_dynamic_v2/iter_336
Iter 348: return_mean=2.36, entropy=2.6169, policy_loss=-0.0273, time=24.8s/iter (est. ~1241s per 50 iters)
Saved checkpoint to ./ray_dynamic_v2/iter_348
Iter 360: return_mean=2.08, entropy=2.6279, policy_loss=-0.0267, time=24.7s/iter (est. ~1235s per 50 iters)
Saved checkpoint to ./ray_dynamic_v2/iter_360
Iter 372: return_mean=2.65, entropy=2.6131, policy_loss=-0.0251, time=27.4s/iter (est. ~1368s per 50 iters)
Saved checkpoint to ./ray_dynamic_v2/iter_372
Iter 384: return_mean=2.45, entropy=2.6180, policy_loss=-0.0293, time=27.4s/iter (est. ~1369s per 50 iters)
Saved checkpoint to ./ray_dynamic_v2/iter_384
Iter 396: return_mean=2.43, entropy=2.6229, policy_loss=-0.0232, time=27.4s/iter (est. ~1371s per 50 iters)
Saved checkpoint to ./ray_dynamic_v2/iter_396
