Dynamic env: team_size=1-6 per team, init=spawn_line (fixed), tag_removes_agent=False, reinforcement_interval=0, reinforcement_prob=0.5, score_ends_episode=True, red_stationary=False
Red team using do-nothing policy (always no-op actions).
Resuming from C:\Users\robin\Documents\CS491\pyquaticus-dynamic2026\training\ray_dynamic_6v6_v5\iter_355 (next iteration 356)
Blue weights restored from resume checkpoint.
Red opponent: dummy (current args). Blue weights restored from checkpoint.
Iter 360: return_mean=-3.44, entropy=3.1375, policy_loss=-0.0085, time=101.1s/iter (est. ~5055s per 50 iters)
Saved checkpoint to .\training\ray_dynamic_6v6_v5\iter_360
Iter 365: return_mean=-1.80, entropy=3.1655, policy_loss=-0.0194, time=104.8s/iter (est. ~5240s per 50 iters)
Saved checkpoint to .\training\ray_dynamic_6v6_v5\iter_365
Iter 370: return_mean=-0.60, entropy=3.0409, policy_loss=-0.0332, time=104.8s/iter (est. ~5241s per 50 iters)
Saved checkpoint to .\training\ray_dynamic_6v6_v5\iter_370
Iter 375: return_mean=0.41, entropy=3.0856, policy_loss=-0.0223, time=100.1s/iter (est. ~5007s per 50 iters)
Saved checkpoint to .\training\ray_dynamic_6v6_v5\iter_375
Iter 380: return_mean=2.09, entropy=3.1749, policy_loss=-0.0160, time=101.2s/iter (est. ~5060s per 50 iters)
Saved checkpoint to .\training\ray_dynamic_6v6_v5\iter_380
Iter 385: return_mean=3.59, entropy=3.0330, policy_loss=-0.0260, time=107.2s/iter (est. ~5358s per 50 iters)
Saved checkpoint to .\training\ray_dynamic_6v6_v5\iter_385
Iter 390: return_mean=4.05, entropy=3.1209, policy_loss=-0.0242, time=103.8s/iter (est. ~5190s per 50 iters)
Saved checkpoint to .\training\ray_dynamic_6v6_v5\iter_390
Iter 395: return_mean=5.21, entropy=3.1268, policy_loss=-0.0161, time=103.3s/iter (est. ~5166s per 50 iters)
Saved checkpoint to .\training\ray_dynamic_6v6_v5\iter_395
Iter 400: return_mean=6.35, entropy=3.0685, policy_loss=-0.0194, time=101.5s/iter (est. ~5073s per 50 iters)
Saved checkpoint to .\training\ray_dynamic_6v6_v5\iter_400
Iter 405: return_mean=6.65, entropy=3.0725, policy_loss=-0.0273, time=100.2s/iter (est. ~5011s per 50 iters)
Saved checkpoint to .\training\ray_dynamic_6v6_v5\iter_405
Iter 410: return_mean=8.55, entropy=3.0430, policy_loss=-0.0198, time=101.1s/iter (est. ~5057s per 50 iters)
Saved checkpoint to .\training\ray_dynamic_6v6_v5\iter_410
Iter 415: return_mean=9.70, entropy=3.0544, policy_loss=-0.0234, time=103.9s/iter (est. ~5195s per 50 iters)
Saved checkpoint to .\training\ray_dynamic_6v6_v5\iter_415
Iter 420: return_mean=9.82, entropy=3.0972, policy_loss=-0.0231, time=101.6s/iter (est. ~5080s per 50 iters)
Saved checkpoint to .\training\ray_dynamic_6v6_v5\iter_420
Iter 425: return_mean=13.01, entropy=3.0452, policy_loss=-0.0153, time=97.2s/iter (est. ~4861s per 50 iters)
Saved checkpoint to .\training\ray_dynamic_6v6_v5\iter_425
Iter 430: return_mean=16.13, entropy=3.0178, policy_loss=-0.0301, time=97.4s/iter (est. ~4869s per 50 iters)
Saved checkpoint to .\training\ray_dynamic_6v6_v5\iter_430
Iter 435: return_mean=19.15, entropy=3.0139, policy_loss=-0.0205, time=100.3s/iter (est. ~5014s per 50 iters)
Saved checkpoint to .\training\ray_dynamic_6v6_v5\iter_435
Iter 440: return_mean=22.39, entropy=3.0239, policy_loss=-0.0188, time=103.0s/iter (est. ~5149s per 50 iters)
Saved checkpoint to .\training\ray_dynamic_6v6_v5\iter_440
Iter 445: return_mean=22.20, entropy=3.0044, policy_loss=-0.0287, time=106.3s/iter (est. ~5314s per 50 iters)
Saved checkpoint to .\training\ray_dynamic_6v6_v5\iter_445
Iter 450: return_mean=23.06, entropy=2.9348, policy_loss=-0.0337, time=106.8s/iter (est. ~5342s per 50 iters)
Saved checkpoint to .\training\ray_dynamic_6v6_v5\iter_450
Iter 455: return_mean=23.35, entropy=2.9731, policy_loss=-0.0316, time=108.0s/iter (est. ~5398s per 50 iters)
Saved checkpoint to .\training\ray_dynamic_6v6_v5\iter_455
Iter 460: return_mean=24.80, entropy=3.0422, policy_loss=-0.0257, time=137.8s/iter (est. ~6888s per 50 iters)
Saved checkpoint to .\training\ray_dynamic_6v6_v5\iter_460
Iter 465: return_mean=23.80, entropy=3.0509, policy_loss=-0.0280, time=105.8s/iter (est. ~5290s per 50 iters)
Saved checkpoint to .\training\ray_dynamic_6v6_v5\iter_465
Iter 470: return_mean=22.27, entropy=3.1017, policy_loss=-0.0146, time=106.2s/iter (est. ~5309s per 50 iters)
Saved checkpoint to .\training\ray_dynamic_6v6_v5\iter_470
Iter 475: return_mean=20.18, entropy=3.0477, policy_loss=-0.0224, time=106.5s/iter (est. ~5323s per 50 iters)
Saved checkpoint to .\training\ray_dynamic_6v6_v5\iter_475
Iter 480: return_mean=20.32, entropy=3.1376, policy_loss=-0.0104, time=106.4s/iter (est. ~5319s per 50 iters)
Saved checkpoint to .\training\ray_dynamic_6v6_v5\iter_480
Dynamic env: team_size=1-6 per team, init=spawn_line (fixed), tag_removes_agent=False, reinforcement_interval=0, reinforcement_prob=0.5, score_ends_episode=True, red_stationary=False
Red team using do-nothing policy (always no-op actions).
Resuming from C:\Users\robin\Documents\CS491\pyquaticus-dynamic2026\training\ray_dynamic_6v6_v5\iter_460 (next iteration 461)
Blue weights restored from resume checkpoint.
Red opponent: dummy (current args). Blue weights restored from checkpoint.
Iter 465: return_mean=-3.67, entropy=3.1778, policy_loss=-0.0082, time=105.0s/iter (est. ~5249s per 50 iters)
Saved checkpoint to .\training\ray_dynamic_6v6_v5\iter_465
Iter 470: return_mean=-2.43, entropy=3.1011, policy_loss=-0.0262, time=103.4s/iter (est. ~5170s per 50 iters)
Saved checkpoint to .\training\ray_dynamic_6v6_v5\iter_470
Iter 475: return_mean=-1.26, entropy=3.1190, policy_loss=-0.0144, time=101.8s/iter (est. ~5090s per 50 iters)
Saved checkpoint to .\training\ray_dynamic_6v6_v5\iter_475
Iter 480: return_mean=-0.12, entropy=3.0874, policy_loss=-0.0311, time=102.6s/iter (est. ~5128s per 50 iters)
Saved checkpoint to .\training\ray_dynamic_6v6_v5\iter_480
Iter 485: return_mean=1.82, entropy=3.0352, policy_loss=-0.0130, time=103.4s/iter (est. ~5170s per 50 iters)
Saved checkpoint to .\training\ray_dynamic_6v6_v5\iter_485
Iter 490: return_mean=3.15, entropy=3.0396, policy_loss=-0.0260, time=100.9s/iter (est. ~5043s per 50 iters)
Saved checkpoint to .\training\ray_dynamic_6v6_v5\iter_490
Iter 495: return_mean=4.21, entropy=3.0495, policy_loss=-0.0220, time=101.3s/iter (est. ~5065s per 50 iters)
Saved checkpoint to .\training\ray_dynamic_6v6_v5\iter_495
Iter 500: return_mean=4.32, entropy=3.0349, policy_loss=-0.0211, time=102.4s/iter (est. ~5119s per 50 iters)
Saved checkpoint to .\training\ray_dynamic_6v6_v5\iter_500
Iter 505: return_mean=4.32, entropy=3.0487, policy_loss=-0.0180, time=102.7s/iter (est. ~5134s per 50 iters)
Saved checkpoint to .\training\ray_dynamic_6v6_v5\iter_505
Dynamic env: team_size=1-6 per team, init=spawn_line (fixed), tag_removes_agent=False, reinforcement_interval=0, reinforcement_prob=0.5, score_ends_episode=True, red_stationary=True
Red team stationary (do-nothing): random active Red count each episode 1-3 (Blue roster 1-6; use --stationary-red-random-min/max for Red-only range).
Resuming from C:\Users\robin\Documents\CS491\pyquaticus-dynamic2026\training\ray_dynamic_6v6_v5\iter_495 (next iteration 496)
Blue weights restored from resume checkpoint.
Red opponent: stationary (current args). Blue weights restored from checkpoint.
Iter 500: return_mean=-3.44, entropy=3.2109, policy_loss=-0.0020, time=92.8s/iter (est. ~4640s per 50 iters)
Saved checkpoint to C:\Users\robin\Documents\CS491\pyquaticus-dynamic2026\training\ray_dynamic_6v6_v5\iter_500
Iter 505: return_mean=-2.69, entropy=3.2095, policy_loss=-0.0006, time=93.6s/iter (est. ~4682s per 50 iters)
Saved checkpoint to C:\Users\robin\Documents\CS491\pyquaticus-dynamic2026\training\ray_dynamic_6v6_v5\iter_505
Iter 510: return_mean=-2.15, entropy=3.1994, policy_loss=-0.0047, time=94.3s/iter (est. ~4714s per 50 iters)
Saved checkpoint to C:\Users\robin\Documents\CS491\pyquaticus-dynamic2026\training\ray_dynamic_6v6_v5\iter_510
Iter 515: return_mean=-1.69, entropy=3.1851, policy_loss=-0.0086, time=92.7s/iter (est. ~4636s per 50 iters)
Saved checkpoint to C:\Users\robin\Documents\CS491\pyquaticus-dynamic2026\training\ray_dynamic_6v6_v5\iter_515
Iter 520: return_mean=-0.86, entropy=3.1956, policy_loss=-0.0049, time=94.8s/iter (est. ~4738s per 50 iters)
Saved checkpoint to C:\Users\robin\Documents\CS491\pyquaticus-dynamic2026\training\ray_dynamic_6v6_v5\iter_520
Iter 525: return_mean=-0.29, entropy=3.1866, policy_loss=-0.0055, time=93.7s/iter (est. ~4683s per 50 iters)
Saved checkpoint to C:\Users\robin\Documents\CS491\pyquaticus-dynamic2026\training\ray_dynamic_6v6_v5\iter_525
Iter 530: return_mean=-0.09, entropy=3.1958, policy_loss=-0.0118, time=93.4s/iter (est. ~4669s per 50 iters)
Saved checkpoint to C:\Users\robin\Documents\CS491\pyquaticus-dynamic2026\training\ray_dynamic_6v6_v5\iter_530
Iter 535: return_mean=0.01, entropy=3.1976, policy_loss=-0.0040, time=94.3s/iter (est. ~4714s per 50 iters)
Saved checkpoint to C:\Users\robin\Documents\CS491\pyquaticus-dynamic2026\training\ray_dynamic_6v6_v5\iter_535
Dynamic env: team_size=1-6 per team, init=spawn_line (fixed), tag_removes_agent=False, reinforcement_interval=0, reinforcement_prob=0.5, score_ends_episode=True, red_stationary=True
Red team stationary (do-nothing): random active Red count each episode 1-3 (Blue roster 1-6; use --stationary-red-random-min/max for Red-only range).
Resuming from C:\Users\Joeyt\Documents\GMU\CS_491\pyquaticus-dynamic2026\training\ray_dynamic_6v6_v5\iter_535 (next iteration 536)
Blue weights restored from resume checkpoint.
Red opponent: stationary (current args). Blue weights restored from checkpoint.
Iter 540: return_mean=-2.08, entropy=3.2039, policy_loss=-0.0068, time=110.9s/iter (est. ~5547s per 50 iters)
Saved checkpoint to C:\Users\Joeyt\Documents\GMU\CS_491\pyquaticus-dynamic2026\training\ray_dynamic_6v6_v5\iter_540
Iter 545: return_mean=-1.10, entropy=3.1962, policy_loss=-0.0081, time=110.2s/iter (est. ~5509s per 50 iters)
Saved checkpoint to C:\Users\Joeyt\Documents\GMU\CS_491\pyquaticus-dynamic2026\training\ray_dynamic_6v6_v5\iter_545
Iter 550: return_mean=-0.73, entropy=3.1912, policy_loss=-0.0086, time=110.8s/iter (est. ~5539s per 50 iters)
Saved checkpoint to C:\Users\Joeyt\Documents\GMU\CS_491\pyquaticus-dynamic2026\training\ray_dynamic_6v6_v5\iter_550
Iter 555: return_mean=-0.63, entropy=3.1967, policy_loss=-0.0065, time=111.0s/iter (est. ~5549s per 50 iters)
Saved checkpoint to C:\Users\Joeyt\Documents\GMU\CS_491\pyquaticus-dynamic2026\training\ray_dynamic_6v6_v5\iter_555
Iter 560: return_mean=-0.11, entropy=3.1996, policy_loss=-0.0025, time=114.4s/iter (est. ~5722s per 50 iters)
Saved checkpoint to C:\Users\Joeyt\Documents\GMU\CS_491\pyquaticus-dynamic2026\training\ray_dynamic_6v6_v5\iter_560
Iter 565: return_mean=-0.17, entropy=3.2025, policy_loss=-0.0028, time=110.5s/iter (est. ~5525s per 50 iters)
Saved checkpoint to C:\Users\Joeyt\Documents\GMU\CS_491\pyquaticus-dynamic2026\training\ray_dynamic_6v6_v5\iter_565
Iter 570: return_mean=-0.20, entropy=3.2062, policy_loss=-0.0028, time=111.0s/iter (est. ~5549s per 50 iters)
Saved checkpoint to C:\Users\Joeyt\Documents\GMU\CS_491\pyquaticus-dynamic2026\training\ray_dynamic_6v6_v5\iter_570
Iter 575: return_mean=-0.29, entropy=3.1986, policy_loss=-0.0064, time=110.4s/iter (est. ~5518s per 50 iters)
Saved checkpoint to C:\Users\Joeyt\Documents\GMU\CS_491\pyquaticus-dynamic2026\training\ray_dynamic_6v6_v5\iter_575
Iter 580: return_mean=-0.31, entropy=3.1907, policy_loss=-0.0114, time=110.9s/iter (est. ~5545s per 50 iters)
Saved checkpoint to C:\Users\Joeyt\Documents\GMU\CS_491\pyquaticus-dynamic2026\training\ray_dynamic_6v6_v5\iter_580
Iter 585: return_mean=-0.30, entropy=3.1970, policy_loss=-0.0076, time=110.4s/iter (est. ~5521s per 50 iters)
Saved checkpoint to C:\Users\Joeyt\Documents\GMU\CS_491\pyquaticus-dynamic2026\training\ray_dynamic_6v6_v5\iter_585
Iter 590: return_mean=-0.28, entropy=3.2031, policy_loss=-0.0051, time=110.8s/iter (est. ~5538s per 50 iters)
Saved checkpoint to C:\Users\Joeyt\Documents\GMU\CS_491\pyquaticus-dynamic2026\training\ray_dynamic_6v6_v5\iter_590
Iter 595: return_mean=-0.17, entropy=3.2063, policy_loss=-0.0031, time=112.4s/iter (est. ~5622s per 50 iters)
Saved checkpoint to C:\Users\Joeyt\Documents\GMU\CS_491\pyquaticus-dynamic2026\training\ray_dynamic_6v6_v5\iter_595
Iter 600: return_mean=-0.36, entropy=3.1913, policy_loss=-0.0071, time=110.8s/iter (est. ~5538s per 50 iters)
Saved checkpoint to C:\Users\Joeyt\Documents\GMU\CS_491\pyquaticus-dynamic2026\training\ray_dynamic_6v6_v5\iter_600
Iter 605: return_mean=-0.39, entropy=3.2030, policy_loss=-0.0033, time=110.4s/iter (est. ~5521s per 50 iters)
Saved checkpoint to C:\Users\Joeyt\Documents\GMU\CS_491\pyquaticus-dynamic2026\training\ray_dynamic_6v6_v5\iter_605
Iter 610: return_mean=-0.46, entropy=3.1967, policy_loss=-0.0062, time=110.7s/iter (est. ~5537s per 50 iters)
Saved checkpoint to C:\Users\Joeyt\Documents\GMU\CS_491\pyquaticus-dynamic2026\training\ray_dynamic_6v6_v5\iter_610
Iter 615: return_mean=-0.43, entropy=3.1947, policy_loss=-0.0064, time=110.5s/iter (est. ~5524s per 50 iters)
Saved checkpoint to C:\Users\Joeyt\Documents\GMU\CS_491\pyquaticus-dynamic2026\training\ray_dynamic_6v6_v5\iter_615
Iter 620: return_mean=-0.36, entropy=3.1986, policy_loss=-0.0081, time=110.9s/iter (est. ~5547s per 50 iters)
Saved checkpoint to C:\Users\Joeyt\Documents\GMU\CS_491\pyquaticus-dynamic2026\training\ray_dynamic_6v6_v5\iter_620
Iter 625: return_mean=-0.23, entropy=3.2036, policy_loss=-0.0057, time=111.3s/iter (est. ~5565s per 50 iters)
Saved checkpoint to C:\Users\Joeyt\Documents\GMU\CS_491\pyquaticus-dynamic2026\training\ray_dynamic_6v6_v5\iter_625
Iter 630: return_mean=-0.17, entropy=3.1999, policy_loss=-0.0060, time=110.6s/iter (est. ~5530s per 50 iters)
Saved checkpoint to C:\Users\Joeyt\Documents\GMU\CS_491\pyquaticus-dynamic2026\training\ray_dynamic_6v6_v5\iter_630
Iter 635: return_mean=-0.07, entropy=3.1970, policy_loss=-0.0072, time=110.0s/iter (est. ~5498s per 50 iters)
Saved checkpoint to C:\Users\Joeyt\Documents\GMU\CS_491\pyquaticus-dynamic2026\training\ray_dynamic_6v6_v5\iter_635
Iter 640: return_mean=0.02, entropy=3.2057, policy_loss=-0.0022, time=110.3s/iter (est. ~5517s per 50 iters)
Saved checkpoint to C:\Users\Joeyt\Documents\GMU\CS_491\pyquaticus-dynamic2026\training\ray_dynamic_6v6_v5\iter_640
Iter 645: return_mean=-0.04, entropy=3.1953, policy_loss=-0.0071, time=110.3s/iter (est. ~5514s per 50 iters)
Saved checkpoint to C:\Users\Joeyt\Documents\GMU\CS_491\pyquaticus-dynamic2026\training\ray_dynamic_6v6_v5\iter_645
Iter 650: return_mean=-0.09, entropy=3.2022, policy_loss=-0.0066, time=111.0s/iter (est. ~5551s per 50 iters)
Saved checkpoint to C:\Users\Joeyt\Documents\GMU\CS_491\pyquaticus-dynamic2026\training\ray_dynamic_6v6_v5\iter_650
Iter 655: return_mean=-0.23, entropy=3.2017, policy_loss=-0.0047, time=110.0s/iter (est. ~5501s per 50 iters)
Saved checkpoint to C:\Users\Joeyt\Documents\GMU\CS_491\pyquaticus-dynamic2026\training\ray_dynamic_6v6_v5\iter_655
Iter 660: return_mean=-0.19, entropy=3.1811, policy_loss=-0.0011, time=110.5s/iter (est. ~5526s per 50 iters)
Saved checkpoint to C:\Users\Joeyt\Documents\GMU\CS_491\pyquaticus-dynamic2026\training\ray_dynamic_6v6_v5\iter_660
Iter 665: return_mean=-0.12, entropy=3.1886, policy_loss=-0.0021, time=110.6s/iter (est. ~5530s per 50 iters)
Saved checkpoint to C:\Users\Joeyt\Documents\GMU\CS_491\pyquaticus-dynamic2026\training\ray_dynamic_6v6_v5\iter_665
Iter 670: return_mean=-0.18, entropy=3.1869, policy_loss=-0.0046, time=110.7s/iter (est. ~5534s per 50 iters)
Saved checkpoint to C:\Users\Joeyt\Documents\GMU\CS_491\pyquaticus-dynamic2026\training\ray_dynamic_6v6_v5\iter_670
Iter 675: return_mean=-0.29, entropy=3.1894, policy_loss=-0.0026, time=110.1s/iter (est. ~5507s per 50 iters)
Saved checkpoint to C:\Users\Joeyt\Documents\GMU\CS_491\pyquaticus-dynamic2026\training\ray_dynamic_6v6_v5\iter_675
Iter 680: return_mean=-0.52, entropy=3.1951, policy_loss=-0.0039, time=110.6s/iter (est. ~5528s per 50 iters)
Saved checkpoint to C:\Users\Joeyt\Documents\GMU\CS_491\pyquaticus-dynamic2026\training\ray_dynamic_6v6_v5\iter_680
Iter 685: return_mean=-0.62, entropy=3.1933, policy_loss=-0.0077, time=110.8s/iter (est. ~5540s per 50 iters)
Saved checkpoint to C:\Users\Joeyt\Documents\GMU\CS_491\pyquaticus-dynamic2026\training\ray_dynamic_6v6_v5\iter_685
Iter 690: return_mean=-0.78, entropy=3.1947, policy_loss=-0.0030, time=110.9s/iter (est. ~5547s per 50 iters)
Saved checkpoint to C:\Users\Joeyt\Documents\GMU\CS_491\pyquaticus-dynamic2026\training\ray_dynamic_6v6_v5\iter_690
Iter 695: return_mean=-1.14, entropy=3.2055, policy_loss=-0.0042, time=110.8s/iter (est. ~5539s per 50 iters)
Saved checkpoint to C:\Users\Joeyt\Documents\GMU\CS_491\pyquaticus-dynamic2026\training\ray_dynamic_6v6_v5\iter_695
Iter 700: return_mean=-1.03, entropy=3.1964, policy_loss=-0.0031, time=110.2s/iter (est. ~5512s per 50 iters)
Saved checkpoint to C:\Users\Joeyt\Documents\GMU\CS_491\pyquaticus-dynamic2026\training\ray_dynamic_6v6_v5\iter_700
Iter 705: return_mean=-1.04, entropy=3.1945, policy_loss=-0.0048, time=110.6s/iter (est. ~5528s per 50 iters)
Saved checkpoint to C:\Users\Joeyt\Documents\GMU\CS_491\pyquaticus-dynamic2026\training\ray_dynamic_6v6_v5\iter_705
Iter 710: return_mean=-0.69, entropy=3.1923, policy_loss=-0.0053, time=110.9s/iter (est. ~5546s per 50 iters)
Saved checkpoint to C:\Users\Joeyt\Documents\GMU\CS_491\pyquaticus-dynamic2026\training\ray_dynamic_6v6_v5\iter_710
Iter 715: return_mean=-0.40, entropy=3.1961, policy_loss=-0.0061, time=111.0s/iter (est. ~5551s per 50 iters)
Saved checkpoint to C:\Users\Joeyt\Documents\GMU\CS_491\pyquaticus-dynamic2026\training\ray_dynamic_6v6_v5\iter_715
Iter 720: return_mean=-0.51, entropy=3.1984, policy_loss=-0.0052, time=110.9s/iter (est. ~5543s per 50 iters)
Saved checkpoint to C:\Users\Joeyt\Documents\GMU\CS_491\pyquaticus-dynamic2026\training\ray_dynamic_6v6_v5\iter_720
Iter 725: return_mean=-0.54, entropy=3.2010, policy_loss=-0.0034, time=110.5s/iter (est. ~5527s per 50 iters)
Saved checkpoint to C:\Users\Joeyt\Documents\GMU\CS_491\pyquaticus-dynamic2026\training\ray_dynamic_6v6_v5\iter_725
Iter 730: return_mean=-0.57, entropy=3.1870, policy_loss=-0.0089, time=111.0s/iter (est. ~5552s per 50 iters)
Saved checkpoint to C:\Users\Joeyt\Documents\GMU\CS_491\pyquaticus-dynamic2026\training\ray_dynamic_6v6_v5\iter_730
Iter 735: return_mean=-0.40, entropy=3.1738, policy_loss=-0.0058, time=110.6s/iter (est. ~5529s per 50 iters)
Saved checkpoint to C:\Users\Joeyt\Documents\GMU\CS_491\pyquaticus-dynamic2026\training\ray_dynamic_6v6_v5\iter_735
Iter 740: return_mean=-0.31, entropy=3.1862, policy_loss=-0.0056, time=110.8s/iter (est. ~5540s per 50 iters)
Saved checkpoint to C:\Users\Joeyt\Documents\GMU\CS_491\pyquaticus-dynamic2026\training\ray_dynamic_6v6_v5\iter_740
Iter 745: return_mean=-0.18, entropy=3.2013, policy_loss=-0.0059, time=110.8s/iter (est. ~5541s per 50 iters)
Saved checkpoint to C:\Users\Joeyt\Documents\GMU\CS_491\pyquaticus-dynamic2026\training\ray_dynamic_6v6_v5\iter_745
Iter 750: return_mean=-0.36, entropy=3.1951, policy_loss=-0.0057, time=110.6s/iter (est. ~5530s per 50 iters)
Saved checkpoint to C:\Users\Joeyt\Documents\GMU\CS_491\pyquaticus-dynamic2026\training\ray_dynamic_6v6_v5\iter_750
Iter 755: return_mean=-0.62, entropy=3.1989, policy_loss=-0.0103, time=110.9s/iter (est. ~5544s per 50 iters)
Saved checkpoint to C:\Users\Joeyt\Documents\GMU\CS_491\pyquaticus-dynamic2026\training\ray_dynamic_6v6_v5\iter_755
Iter 760: return_mean=-0.52, entropy=3.1916, policy_loss=-0.0090, time=110.0s/iter (est. ~5500s per 50 iters)
Saved checkpoint to C:\Users\Joeyt\Documents\GMU\CS_491\pyquaticus-dynamic2026\training\ray_dynamic_6v6_v5\iter_760
Iter 765: return_mean=-0.55, entropy=3.2043, policy_loss=-0.0007, time=110.2s/iter (est. ~5510s per 50 iters)
Saved checkpoint to C:\Users\Joeyt\Documents\GMU\CS_491\pyquaticus-dynamic2026\training\ray_dynamic_6v6_v5\iter_765
Iter 770: return_mean=-0.47, entropy=3.1950, policy_loss=-0.0055, time=110.0s/iter (est. ~5499s per 50 iters)
Saved checkpoint to C:\Users\Joeyt\Documents\GMU\CS_491\pyquaticus-dynamic2026\training\ray_dynamic_6v6_v5\iter_770
Iter 775: return_mean=-0.40, entropy=3.1900, policy_loss=-0.0044, time=110.4s/iter (est. ~5519s per 50 iters)
Saved checkpoint to C:\Users\Joeyt\Documents\GMU\CS_491\pyquaticus-dynamic2026\training\ray_dynamic_6v6_v5\iter_775
Iter 780: return_mean=-0.41, entropy=3.2104, policy_loss=-0.0036, time=110.6s/iter (est. ~5531s per 50 iters)
Saved checkpoint to C:\Users\Joeyt\Documents\GMU\CS_491\pyquaticus-dynamic2026\training\ray_dynamic_6v6_v5\iter_780
Iter 785: return_mean=-0.64, entropy=3.1916, policy_loss=-0.0021, time=110.8s/iter (est. ~5539s per 50 iters)
Saved checkpoint to C:\Users\Joeyt\Documents\GMU\CS_491\pyquaticus-dynamic2026\training\ray_dynamic_6v6_v5\iter_785
Iter 790: return_mean=-0.64, entropy=3.2071, policy_loss=-0.0032, time=110.2s/iter (est. ~5511s per 50 iters)
Saved checkpoint to C:\Users\Joeyt\Documents\GMU\CS_491\pyquaticus-dynamic2026\training\ray_dynamic_6v6_v5\iter_790
Iter 795: return_mean=-0.77, entropy=3.2054, policy_loss=-0.0033, time=110.5s/iter (est. ~5523s per 50 iters)
Saved checkpoint to C:\Users\Joeyt\Documents\GMU\CS_491\pyquaticus-dynamic2026\training\ray_dynamic_6v6_v5\iter_795
Iter 800: return_mean=-0.94, entropy=3.2019, policy_loss=-0.0016, time=111.1s/iter (est. ~5554s per 50 iters)
Saved checkpoint to C:\Users\Joeyt\Documents\GMU\CS_491\pyquaticus-dynamic2026\training\ray_dynamic_6v6_v5\iter_800
Iter 805: return_mean=-0.88, entropy=3.2020, policy_loss=-0.0042, time=109.8s/iter (est. ~5490s per 50 iters)
Saved checkpoint to C:\Users\Joeyt\Documents\GMU\CS_491\pyquaticus-dynamic2026\training\ray_dynamic_6v6_v5\iter_805
Iter 810: return_mean=-0.79, entropy=3.1986, policy_loss=-0.0022, time=110.3s/iter (est. ~5515s per 50 iters)
Saved checkpoint to C:\Users\Joeyt\Documents\GMU\CS_491\pyquaticus-dynamic2026\training\ray_dynamic_6v6_v5\iter_810
Iter 815: return_mean=-0.70, entropy=3.1996, policy_loss=-0.0051, time=110.2s/iter (est. ~5512s per 50 iters)
Saved checkpoint to C:\Users\Joeyt\Documents\GMU\CS_491\pyquaticus-dynamic2026\training\ray_dynamic_6v6_v5\iter_815
Dynamic env: team_size=1-6 per team, init=spawn_line (fixed), tag_removes_agent=False, reinforcement_interval=0, reinforcement_prob=0.5, score_ends_episode=True, red_stationary=False
Red team using do-nothing policy (always no-op actions).
Resuming from C:\Users\Joeyt\Documents\GMU\CS_491\pyquaticus-dynamic2026\training\ray_dynamic_6v6_v5\iter_395 (next iteration 396)
Blue weights restored from resume checkpoint.
Red opponent: dummy (current args). Blue weights restored from checkpoint.
Dynamic env: team_size=1-6 per team, init=spawn_line (fixed), tag_removes_agent=False, reinforcement_interval=0, reinforcement_prob=0.5, score_ends_episode=True, red_stationary=False
Red team using do-nothing policy (always no-op actions).
Resuming from C:\Users\Joeyt\Documents\GMU\CS_491\pyquaticus-dynamic2026\training\ray_dynamic_6v6_v5\iter_495 (next iteration 496)
Blue weights restored from resume checkpoint.
Red opponent: dummy (current args). Blue weights restored from checkpoint.
Iter 500: return_mean=0.06, entropy=3.1777, policy_loss=-0.0153, time=115.8s/iter (est. ~5792s per 50 iters)
Saved checkpoint to C:\Users\Joeyt\Documents\GMU\CS_491\pyquaticus-dynamic2026\training\ray_dynamic_6v6_v5\iter_500
Iter 505: return_mean=1.91, entropy=3.1302, policy_loss=-0.0181, time=115.3s/iter (est. ~5765s per 50 iters)
Saved checkpoint to C:\Users\Joeyt\Documents\GMU\CS_491\pyquaticus-dynamic2026\training\ray_dynamic_6v6_v5\iter_505
Iter 510: return_mean=3.34, entropy=3.1093, policy_loss=-0.0218, time=117.3s/iter (est. ~5867s per 50 iters)
Saved checkpoint to C:\Users\Joeyt\Documents\GMU\CS_491\pyquaticus-dynamic2026\training\ray_dynamic_6v6_v5\iter_510
Iter 515: return_mean=5.59, entropy=3.0774, policy_loss=-0.0197, time=115.5s/iter (est. ~5776s per 50 iters)
Saved checkpoint to C:\Users\Joeyt\Documents\GMU\CS_491\pyquaticus-dynamic2026\training\ray_dynamic_6v6_v5\iter_515
Iter 520: return_mean=7.91, entropy=3.0877, policy_loss=-0.0177, time=115.9s/iter (est. ~5795s per 50 iters)
Saved checkpoint to C:\Users\Joeyt\Documents\GMU\CS_491\pyquaticus-dynamic2026\training\ray_dynamic_6v6_v5\iter_520
Iter 525: return_mean=9.38, entropy=3.0800, policy_loss=-0.0239, time=115.0s/iter (est. ~5748s per 50 iters)
Saved checkpoint to C:\Users\Joeyt\Documents\GMU\CS_491\pyquaticus-dynamic2026\training\ray_dynamic_6v6_v5\iter_525
Iter 530: return_mean=9.74, entropy=3.0412, policy_loss=-0.0275, time=115.5s/iter (est. ~5775s per 50 iters)
Saved checkpoint to C:\Users\Joeyt\Documents\GMU\CS_491\pyquaticus-dynamic2026\training\ray_dynamic_6v6_v5\iter_530
Iter 535: return_mean=9.31, entropy=3.0129, policy_loss=-0.0199, time=116.5s/iter (est. ~5823s per 50 iters)
Saved checkpoint to C:\Users\Joeyt\Documents\GMU\CS_491\pyquaticus-dynamic2026\training\ray_dynamic_6v6_v5\iter_535
Iter 540: return_mean=9.23, entropy=3.0205, policy_loss=-0.0257, time=116.6s/iter (est. ~5828s per 50 iters)
Saved checkpoint to C:\Users\Joeyt\Documents\GMU\CS_491\pyquaticus-dynamic2026\training\ray_dynamic_6v6_v5\iter_540
Iter 545: return_mean=9.40, entropy=3.0255, policy_loss=-0.0239, time=116.3s/iter (est. ~5816s per 50 iters)
Saved checkpoint to C:\Users\Joeyt\Documents\GMU\CS_491\pyquaticus-dynamic2026\training\ray_dynamic_6v6_v5\iter_545
Iter 550: return_mean=9.60, entropy=3.0412, policy_loss=-0.0254, time=115.0s/iter (est. ~5748s per 50 iters)
Saved checkpoint to C:\Users\Joeyt\Documents\GMU\CS_491\pyquaticus-dynamic2026\training\ray_dynamic_6v6_v5\iter_550
Iter 555: return_mean=9.88, entropy=3.0163, policy_loss=-0.0256, time=115.6s/iter (est. ~5778s per 50 iters)
Saved checkpoint to C:\Users\Joeyt\Documents\GMU\CS_491\pyquaticus-dynamic2026\training\ray_dynamic_6v6_v5\iter_555
Iter 560: return_mean=10.01, entropy=2.9748, policy_loss=-0.0300, time=115.6s/iter (est. ~5781s per 50 iters)
Saved checkpoint to C:\Users\Joeyt\Documents\GMU\CS_491\pyquaticus-dynamic2026\training\ray_dynamic_6v6_v5\iter_560
Iter 565: return_mean=9.73, entropy=2.9324, policy_loss=-0.0234, time=115.4s/iter (est. ~5771s per 50 iters)
Saved checkpoint to C:\Users\Joeyt\Documents\GMU\CS_491\pyquaticus-dynamic2026\training\ray_dynamic_6v6_v5\iter_565
Iter 570: return_mean=9.71, entropy=2.9999, policy_loss=-0.0176, time=115.2s/iter (est. ~5762s per 50 iters)
Saved checkpoint to C:\Users\Joeyt\Documents\GMU\CS_491\pyquaticus-dynamic2026\training\ray_dynamic_6v6_v5\iter_570
Iter 575: return_mean=9.64, entropy=2.9623, policy_loss=-0.0245, time=115.5s/iter (est. ~5777s per 50 iters)
Saved checkpoint to C:\Users\Joeyt\Documents\GMU\CS_491\pyquaticus-dynamic2026\training\ray_dynamic_6v6_v5\iter_575
Iter 580: return_mean=9.90, entropy=3.0063, policy_loss=-0.0244, time=115.7s/iter (est. ~5784s per 50 iters)
Saved checkpoint to C:\Users\Joeyt\Documents\GMU\CS_491\pyquaticus-dynamic2026\training\ray_dynamic_6v6_v5\iter_580
Iter 585: return_mean=10.15, entropy=2.9885, policy_loss=-0.0253, time=116.5s/iter (est. ~5825s per 50 iters)
Saved checkpoint to C:\Users\Joeyt\Documents\GMU\CS_491\pyquaticus-dynamic2026\training\ray_dynamic_6v6_v5\iter_585
