Dynamic env: team_size=1-6 per team, init=spawn_line (fixed), tag_removes_agent=False, reinforcement_interval=0, reinforcement_prob=0.5, score_ends_episode=True, red_stationary=False
Red team using do-nothing policy (always no-op actions).
PPO train_batch_size=4000 (0=auto: 4000 headless, 500 with --render); envs_per_env_runner=1.
Training started (new run).
Iter 0: return_mean=n/a (no completed episodes yet), entropy=3.2125, policy_loss=-0.0111, time=77.1s/iter (est. ~3856s per 50 iters)
Iter 5: return_mean=-1.61, entropy=3.1683, policy_loss=-0.0228, time=74.8s/iter (est. ~3740s per 50 iters)
Saved checkpoint to training/ray_dynamic_tahir_v2\iter_5
Iter 10: return_mean=-1.04, entropy=3.1687, policy_loss=-0.0260, time=74.7s/iter (est. ~3735s per 50 iters)
Saved checkpoint to training/ray_dynamic_tahir_v2\iter_10
Iter 15: return_mean=-0.58, entropy=3.1504, policy_loss=-0.0246, time=74.2s/iter (est. ~3709s per 50 iters)
Saved checkpoint to training/ray_dynamic_tahir_v2\iter_15
Dynamic env: team_size=1-6 per team, init=spawn_line (fixed), tag_removes_agent=False, reinforcement_interval=0, reinforcement_prob=0.5, score_ends_episode=True, red_stationary=False
Red team using do-nothing policy (always no-op actions).
Resuming from C:\Users\tahir\pyquaticus\pyquaticus-dynamic2026\training\ray_dynamic_tahir_v2\iter_15 (next iteration 16)
Blue weights restored from resume checkpoint.
Red opponent: dummy (current args). Blue weights restored from checkpoint.
Iter 20: return_mean=-0.62, entropy=3.1597, policy_loss=-0.0239, time=82.7s/iter (est. ~4137s per 50 iters)
Saved checkpoint to C:\Users\tahir\pyquaticus\pyquaticus-dynamic2026\training\ray_dynamic_tahir_v2\iter_20
Iter 25: return_mean=0.13, entropy=3.1398, policy_loss=-0.0279, time=79.3s/iter (est. ~3963s per 50 iters)
Saved checkpoint to C:\Users\tahir\pyquaticus\pyquaticus-dynamic2026\training\ray_dynamic_tahir_v2\iter_25
Iter 30: return_mean=0.51, entropy=3.0622, policy_loss=-0.0333, time=78.1s/iter (est. ~3907s per 50 iters)
Saved checkpoint to C:\Users\tahir\pyquaticus\pyquaticus-dynamic2026\training\ray_dynamic_tahir_v2\iter_30
Iter 35: return_mean=0.79, entropy=3.0732, policy_loss=-0.0300, time=129.5s/iter (est. ~6474s per 50 iters)
Saved checkpoint to C:\Users\tahir\pyquaticus\pyquaticus-dynamic2026\training\ray_dynamic_tahir_v2\iter_35
Iter 40: return_mean=1.26, entropy=3.0668, policy_loss=-0.0383, time=81.9s/iter (est. ~4095s per 50 iters)
Saved checkpoint to C:\Users\tahir\pyquaticus\pyquaticus-dynamic2026\training\ray_dynamic_tahir_v2\iter_40
Iter 45: return_mean=2.25, entropy=2.9652, policy_loss=-0.0333, time=81.2s/iter (est. ~4061s per 50 iters)
Saved checkpoint to C:\Users\tahir\pyquaticus\pyquaticus-dynamic2026\training\ray_dynamic_tahir_v2\iter_45
Iter 50: return_mean=3.45, entropy=3.0201, policy_loss=-0.0368, time=81.4s/iter (est. ~4068s per 50 iters)
Saved checkpoint to C:\Users\tahir\pyquaticus\pyquaticus-dynamic2026\training\ray_dynamic_tahir_v2\iter_50
Iter 55: return_mean=5.15, entropy=2.9928, policy_loss=-0.0403, time=81.6s/iter (est. ~4082s per 50 iters)
Saved checkpoint to C:\Users\tahir\pyquaticus\pyquaticus-dynamic2026\training\ray_dynamic_tahir_v2\iter_55
Iter 60: return_mean=7.65, entropy=2.9389, policy_loss=-0.0387, time=77.4s/iter (est. ~3870s per 50 iters)
Saved checkpoint to C:\Users\tahir\pyquaticus\pyquaticus-dynamic2026\training\ray_dynamic_tahir_v2\iter_60
Iter 65: return_mean=9.11, entropy=2.9958, policy_loss=-0.0469, time=77.3s/iter (est. ~3867s per 50 iters)
Saved checkpoint to C:\Users\tahir\pyquaticus\pyquaticus-dynamic2026\training\ray_dynamic_tahir_v2\iter_65
Iter 70: return_mean=9.96, entropy=3.0056, policy_loss=-0.0530, time=76.7s/iter (est. ~3833s per 50 iters)
Saved checkpoint to C:\Users\tahir\pyquaticus\pyquaticus-dynamic2026\training\ray_dynamic_tahir_v2\iter_70
Iter 75: return_mean=9.81, entropy=2.9797, policy_loss=-0.0451, time=76.8s/iter (est. ~3838s per 50 iters)
Saved checkpoint to C:\Users\tahir\pyquaticus\pyquaticus-dynamic2026\training\ray_dynamic_tahir_v2\iter_75
Iter 80: return_mean=9.65, entropy=2.9883, policy_loss=-0.0526, time=76.6s/iter (est. ~3831s per 50 iters)
Saved checkpoint to C:\Users\tahir\pyquaticus\pyquaticus-dynamic2026\training\ray_dynamic_tahir_v2\iter_80
Iter 85: return_mean=9.39, entropy=2.9238, policy_loss=-0.0499, time=77.3s/iter (est. ~3863s per 50 iters)
Saved checkpoint to C:\Users\tahir\pyquaticus\pyquaticus-dynamic2026\training\ray_dynamic_tahir_v2\iter_85
Iter 90: return_mean=10.58, entropy=2.9527, policy_loss=-0.0492, time=77.4s/iter (est. ~3872s per 50 iters)
Saved checkpoint to C:\Users\tahir\pyquaticus\pyquaticus-dynamic2026\training\ray_dynamic_tahir_v2\iter_90
Iter 95: return_mean=9.97, entropy=2.9587, policy_loss=-0.0493, time=76.3s/iter (est. ~3816s per 50 iters)
Saved checkpoint to C:\Users\tahir\pyquaticus\pyquaticus-dynamic2026\training\ray_dynamic_tahir_v2\iter_95
Iter 100: return_mean=10.54, entropy=3.0266, policy_loss=-0.0415, time=76.6s/iter (est. ~3832s per 50 iters)
Saved checkpoint to C:\Users\tahir\pyquaticus\pyquaticus-dynamic2026\training\ray_dynamic_tahir_v2\iter_100
Iter 105: return_mean=10.07, entropy=2.9529, policy_loss=-0.0567, time=76.9s/iter (est. ~3845s per 50 iters)
Saved checkpoint to C:\Users\tahir\pyquaticus\pyquaticus-dynamic2026\training\ray_dynamic_tahir_v2\iter_105
Iter 110: return_mean=9.65, entropy=2.9605, policy_loss=-0.0573, time=97.9s/iter (est. ~4896s per 50 iters)
Saved checkpoint to C:\Users\tahir\pyquaticus\pyquaticus-dynamic2026\training\ray_dynamic_tahir_v2\iter_110
Iter 115: return_mean=9.93, entropy=2.8883, policy_loss=-0.0538, time=76.7s/iter (est. ~3833s per 50 iters)
Saved checkpoint to C:\Users\tahir\pyquaticus\pyquaticus-dynamic2026\training\ray_dynamic_tahir_v2\iter_115
Iter 120: return_mean=11.37, entropy=2.8527, policy_loss=-0.0592, time=77.0s/iter (est. ~3852s per 50 iters)
Saved checkpoint to C:\Users\tahir\pyquaticus\pyquaticus-dynamic2026\training\ray_dynamic_tahir_v2\iter_120
Iter 125: return_mean=11.15, entropy=2.9246, policy_loss=-0.0562, time=77.0s/iter (est. ~3851s per 50 iters)
Saved checkpoint to C:\Users\tahir\pyquaticus\pyquaticus-dynamic2026\training\ray_dynamic_tahir_v2\iter_125
Iter 130: return_mean=10.98, entropy=2.9943, policy_loss=-0.0516, time=76.7s/iter (est. ~3837s per 50 iters)
Saved checkpoint to C:\Users\tahir\pyquaticus\pyquaticus-dynamic2026\training\ray_dynamic_tahir_v2\iter_130
Iter 135: return_mean=10.66, entropy=2.9260, policy_loss=-0.0562, time=76.6s/iter (est. ~3832s per 50 iters)
Saved checkpoint to C:\Users\tahir\pyquaticus\pyquaticus-dynamic2026\training\ray_dynamic_tahir_v2\iter_135
Iter 140: return_mean=11.19, entropy=2.8945, policy_loss=-0.0561, time=76.7s/iter (est. ~3835s per 50 iters)
Saved checkpoint to C:\Users\tahir\pyquaticus\pyquaticus-dynamic2026\training\ray_dynamic_tahir_v2\iter_140
Iter 145: return_mean=11.93, entropy=2.9473, policy_loss=-0.0587, time=76.3s/iter (est. ~3815s per 50 iters)
Saved checkpoint to C:\Users\tahir\pyquaticus\pyquaticus-dynamic2026\training\ray_dynamic_tahir_v2\iter_145
Iter 150: return_mean=12.29, entropy=2.9303, policy_loss=-0.0596, time=76.5s/iter (est. ~3827s per 50 iters)
Saved checkpoint to C:\Users\tahir\pyquaticus\pyquaticus-dynamic2026\training\ray_dynamic_tahir_v2\iter_150
Iter 155: return_mean=11.26, entropy=2.8928, policy_loss=-0.0581, time=76.4s/iter (est. ~3818s per 50 iters)
Saved checkpoint to C:\Users\tahir\pyquaticus\pyquaticus-dynamic2026\training\ray_dynamic_tahir_v2\iter_155
Iter 160: return_mean=11.45, entropy=2.8824, policy_loss=-0.0609, time=77.7s/iter (est. ~3883s per 50 iters)
Saved checkpoint to C:\Users\tahir\pyquaticus\pyquaticus-dynamic2026\training\ray_dynamic_tahir_v2\iter_160
Iter 165: return_mean=11.91, entropy=2.9216, policy_loss=-0.0562, time=77.3s/iter (est. ~3866s per 50 iters)
Saved checkpoint to C:\Users\tahir\pyquaticus\pyquaticus-dynamic2026\training\ray_dynamic_tahir_v2\iter_165
Iter 170: return_mean=12.13, entropy=2.8304, policy_loss=-0.0609, time=83.4s/iter (est. ~4171s per 50 iters)
Saved checkpoint to C:\Users\tahir\pyquaticus\pyquaticus-dynamic2026\training\ray_dynamic_tahir_v2\iter_170
Iter 175: return_mean=11.94, entropy=2.9041, policy_loss=-0.0575, time=76.6s/iter (est. ~3830s per 50 iters)
Saved checkpoint to C:\Users\tahir\pyquaticus\pyquaticus-dynamic2026\training\ray_dynamic_tahir_v2\iter_175
Iter 180: return_mean=11.38, entropy=2.8372, policy_loss=-0.0606, time=76.8s/iter (est. ~3838s per 50 iters)
Saved checkpoint to C:\Users\tahir\pyquaticus\pyquaticus-dynamic2026\training\ray_dynamic_tahir_v2\iter_180
Iter 185: return_mean=11.72, entropy=2.8128, policy_loss=-0.0624, time=76.9s/iter (est. ~3843s per 50 iters)
Saved checkpoint to C:\Users\tahir\pyquaticus\pyquaticus-dynamic2026\training\ray_dynamic_tahir_v2\iter_185
Iter 190: return_mean=12.17, entropy=2.8843, policy_loss=-0.0638, time=76.6s/iter (est. ~3831s per 50 iters)
Saved checkpoint to C:\Users\tahir\pyquaticus\pyquaticus-dynamic2026\training\ray_dynamic_tahir_v2\iter_190
Iter 195: return_mean=13.49, entropy=2.8269, policy_loss=-0.0581, time=77.6s/iter (est. ~3879s per 50 iters)
Saved checkpoint to C:\Users\tahir\pyquaticus\pyquaticus-dynamic2026\training\ray_dynamic_tahir_v2\iter_195
Iter 200: return_mean=12.60, entropy=2.8472, policy_loss=-0.0635, time=76.7s/iter (est. ~3836s per 50 iters)
Saved checkpoint to C:\Users\tahir\pyquaticus\pyquaticus-dynamic2026\training\ray_dynamic_tahir_v2\iter_200
Iter 205: return_mean=12.07, entropy=2.8769, policy_loss=-0.0590, time=77.5s/iter (est. ~3877s per 50 iters)
Saved checkpoint to C:\Users\tahir\pyquaticus\pyquaticus-dynamic2026\training\ray_dynamic_tahir_v2\iter_205
Iter 210: return_mean=12.17, entropy=2.8807, policy_loss=-0.0644, time=76.9s/iter (est. ~3847s per 50 iters)
Saved checkpoint to C:\Users\tahir\pyquaticus\pyquaticus-dynamic2026\training\ray_dynamic_tahir_v2\iter_210
Iter 215: return_mean=11.80, entropy=2.9279, policy_loss=-0.0572, time=76.4s/iter (est. ~3820s per 50 iters)
Saved checkpoint to C:\Users\tahir\pyquaticus\pyquaticus-dynamic2026\training\ray_dynamic_tahir_v2\iter_215
Iter 220: return_mean=12.11, entropy=2.8780, policy_loss=-0.0596, time=76.3s/iter (est. ~3815s per 50 iters)
Saved checkpoint to C:\Users\tahir\pyquaticus\pyquaticus-dynamic2026\training\ray_dynamic_tahir_v2\iter_220
Iter 225: return_mean=11.35, entropy=2.8997, policy_loss=-0.0620, time=76.3s/iter (est. ~3817s per 50 iters)
Saved checkpoint to C:\Users\tahir\pyquaticus\pyquaticus-dynamic2026\training\ray_dynamic_tahir_v2\iter_225
Iter 230: return_mean=11.79, entropy=2.8500, policy_loss=-0.0549, time=76.5s/iter (est. ~3823s per 50 iters)
Saved checkpoint to C:\Users\tahir\pyquaticus\pyquaticus-dynamic2026\training\ray_dynamic_tahir_v2\iter_230
Iter 235: return_mean=12.43, entropy=2.8851, policy_loss=-0.0613, time=76.7s/iter (est. ~3837s per 50 iters)
Saved checkpoint to C:\Users\tahir\pyquaticus\pyquaticus-dynamic2026\training\ray_dynamic_tahir_v2\iter_235
Iter 240: return_mean=12.23, entropy=2.9781, policy_loss=-0.0581, time=76.9s/iter (est. ~3847s per 50 iters)
Saved checkpoint to C:\Users\tahir\pyquaticus\pyquaticus-dynamic2026\training\ray_dynamic_tahir_v2\iter_240
Iter 245: return_mean=12.07, entropy=2.9460, policy_loss=-0.0567, time=76.5s/iter (est. ~3826s per 50 iters)
Saved checkpoint to C:\Users\tahir\pyquaticus\pyquaticus-dynamic2026\training\ray_dynamic_tahir_v2\iter_245
Iter 250: return_mean=11.91, entropy=2.8387, policy_loss=-0.0626, time=76.3s/iter (est. ~3814s per 50 iters)
Saved checkpoint to C:\Users\tahir\pyquaticus\pyquaticus-dynamic2026\training\ray_dynamic_tahir_v2\iter_250
Iter 255: return_mean=11.42, entropy=2.9218, policy_loss=-0.0584, time=76.4s/iter (est. ~3822s per 50 iters)
Saved checkpoint to C:\Users\tahir\pyquaticus\pyquaticus-dynamic2026\training\ray_dynamic_tahir_v2\iter_255
Iter 260: return_mean=11.85, entropy=2.9605, policy_loss=-0.0584, time=76.4s/iter (est. ~3819s per 50 iters)
Saved checkpoint to C:\Users\tahir\pyquaticus\pyquaticus-dynamic2026\training\ray_dynamic_tahir_v2\iter_260
Iter 265: return_mean=11.26, entropy=2.9062, policy_loss=-0.0631, time=76.3s/iter (est. ~3813s per 50 iters)
Saved checkpoint to C:\Users\tahir\pyquaticus\pyquaticus-dynamic2026\training\ray_dynamic_tahir_v2\iter_265
Iter 270: return_mean=11.74, entropy=2.8438, policy_loss=-0.0666, time=76.3s/iter (est. ~3816s per 50 iters)
Saved checkpoint to C:\Users\tahir\pyquaticus\pyquaticus-dynamic2026\training\ray_dynamic_tahir_v2\iter_270
Iter 275: return_mean=11.69, entropy=2.8423, policy_loss=-0.0613, time=76.9s/iter (est. ~3845s per 50 iters)
Saved checkpoint to C:\Users\tahir\pyquaticus\pyquaticus-dynamic2026\training\ray_dynamic_tahir_v2\iter_275
Iter 280: return_mean=12.22, entropy=2.8438, policy_loss=-0.0654, time=77.3s/iter (est. ~3867s per 50 iters)
Saved checkpoint to C:\Users\tahir\pyquaticus\pyquaticus-dynamic2026\training\ray_dynamic_tahir_v2\iter_280
Iter 285: return_mean=12.37, entropy=2.8130, policy_loss=-0.0650, time=76.7s/iter (est. ~3837s per 50 iters)
Saved checkpoint to C:\Users\tahir\pyquaticus\pyquaticus-dynamic2026\training\ray_dynamic_tahir_v2\iter_285
Iter 290: return_mean=12.69, entropy=2.8867, policy_loss=-0.0650, time=76.7s/iter (est. ~3834s per 50 iters)
Saved checkpoint to C:\Users\tahir\pyquaticus\pyquaticus-dynamic2026\training\ray_dynamic_tahir_v2\iter_290
Iter 295: return_mean=12.74, entropy=2.8109, policy_loss=-0.0665, time=76.5s/iter (est. ~3825s per 50 iters)
Saved checkpoint to C:\Users\tahir\pyquaticus\pyquaticus-dynamic2026\training\ray_dynamic_tahir_v2\iter_295
Iter 300: return_mean=12.90, entropy=2.9359, policy_loss=-0.0607, time=76.7s/iter (est. ~3837s per 50 iters)
Saved checkpoint to C:\Users\tahir\pyquaticus\pyquaticus-dynamic2026\training\ray_dynamic_tahir_v2\iter_300
Iter 305: return_mean=12.38, entropy=2.9530, policy_loss=-0.0482, time=75.8s/iter (est. ~3790s per 50 iters)
Saved checkpoint to C:\Users\tahir\pyquaticus\pyquaticus-dynamic2026\training\ray_dynamic_tahir_v2\iter_305
Iter 310: return_mean=12.74, entropy=2.9182, policy_loss=-0.0584, time=76.6s/iter (est. ~3830s per 50 iters)
Saved checkpoint to C:\Users\tahir\pyquaticus\pyquaticus-dynamic2026\training\ray_dynamic_tahir_v2\iter_310
Iter 315: return_mean=12.95, entropy=2.8978, policy_loss=-0.0638, time=76.9s/iter (est. ~3843s per 50 iters)
Saved checkpoint to C:\Users\tahir\pyquaticus\pyquaticus-dynamic2026\training\ray_dynamic_tahir_v2\iter_315
Iter 320: return_mean=12.39, entropy=2.8957, policy_loss=-0.0482, time=76.8s/iter (est. ~3840s per 50 iters)
Saved checkpoint to C:\Users\tahir\pyquaticus\pyquaticus-dynamic2026\training\ray_dynamic_tahir_v2\iter_320
Iter 325: return_mean=12.75, entropy=2.8830, policy_loss=-0.0624, time=76.7s/iter (est. ~3836s per 50 iters)
Saved checkpoint to C:\Users\tahir\pyquaticus\pyquaticus-dynamic2026\training\ray_dynamic_tahir_v2\iter_325
Iter 330: return_mean=12.60, entropy=2.8674, policy_loss=-0.0647, time=76.7s/iter (est. ~3836s per 50 iters)
Saved checkpoint to C:\Users\tahir\pyquaticus\pyquaticus-dynamic2026\training\ray_dynamic_tahir_v2\iter_330
Iter 335: return_mean=12.64, entropy=2.9009, policy_loss=-0.0617, time=76.4s/iter (est. ~3819s per 50 iters)
Saved checkpoint to C:\Users\tahir\pyquaticus\pyquaticus-dynamic2026\training\ray_dynamic_tahir_v2\iter_335
Iter 340: return_mean=11.23, entropy=2.9286, policy_loss=-0.0630, time=76.7s/iter (est. ~3835s per 50 iters)
Saved checkpoint to C:\Users\tahir\pyquaticus\pyquaticus-dynamic2026\training\ray_dynamic_tahir_v2\iter_340
Iter 345: return_mean=10.70, entropy=2.9595, policy_loss=-0.0566, time=76.0s/iter (est. ~3802s per 50 iters)
Saved checkpoint to C:\Users\tahir\pyquaticus\pyquaticus-dynamic2026\training\ray_dynamic_tahir_v2\iter_345
Iter 350: return_mean=11.36, entropy=2.8575, policy_loss=-0.0604, time=79.5s/iter (est. ~3975s per 50 iters)
Saved checkpoint to C:\Users\tahir\pyquaticus\pyquaticus-dynamic2026\training\ray_dynamic_tahir_v2\iter_350
Iter 355: return_mean=11.94, entropy=2.8635, policy_loss=-0.0643, time=77.3s/iter (est. ~3866s per 50 iters)
Saved checkpoint to C:\Users\tahir\pyquaticus\pyquaticus-dynamic2026\training\ray_dynamic_tahir_v2\iter_355
Iter 360: return_mean=12.50, entropy=2.8942, policy_loss=-0.0655, time=76.8s/iter (est. ~3840s per 50 iters)
Saved checkpoint to C:\Users\tahir\pyquaticus\pyquaticus-dynamic2026\training\ray_dynamic_tahir_v2\iter_360
Iter 365: return_mean=11.73, entropy=2.8430, policy_loss=-0.0679, time=76.8s/iter (est. ~3840s per 50 iters)
Saved checkpoint to C:\Users\tahir\pyquaticus\pyquaticus-dynamic2026\training\ray_dynamic_tahir_v2\iter_365
Iter 370: return_mean=11.57, entropy=2.9727, policy_loss=-0.0558, time=76.5s/iter (est. ~3827s per 50 iters)
Saved checkpoint to C:\Users\tahir\pyquaticus\pyquaticus-dynamic2026\training\ray_dynamic_tahir_v2\iter_370
Iter 375: return_mean=11.74, entropy=2.8331, policy_loss=-0.0688, time=76.6s/iter (est. ~3832s per 50 iters)
Saved checkpoint to C:\Users\tahir\pyquaticus\pyquaticus-dynamic2026\training\ray_dynamic_tahir_v2\iter_375
Iter 380: return_mean=11.05, entropy=2.8292, policy_loss=-0.0662, time=76.4s/iter (est. ~3818s per 50 iters)
Saved checkpoint to C:\Users\tahir\pyquaticus\pyquaticus-dynamic2026\training\ray_dynamic_tahir_v2\iter_380
Iter 385: return_mean=11.47, entropy=2.8367, policy_loss=-0.0710, time=77.2s/iter (est. ~3858s per 50 iters)
Saved checkpoint to C:\Users\tahir\pyquaticus\pyquaticus-dynamic2026\training\ray_dynamic_tahir_v2\iter_385
Iter 390: return_mean=11.19, entropy=2.7943, policy_loss=-0.0632, time=76.9s/iter (est. ~3847s per 50 iters)
Saved checkpoint to C:\Users\tahir\pyquaticus\pyquaticus-dynamic2026\training\ray_dynamic_tahir_v2\iter_390
Iter 395: return_mean=11.45, entropy=2.8744, policy_loss=-0.0684, time=76.7s/iter (est. ~3837s per 50 iters)
Saved checkpoint to C:\Users\tahir\pyquaticus\pyquaticus-dynamic2026\training\ray_dynamic_tahir_v2\iter_395
Iter 400: return_mean=11.15, entropy=2.8857, policy_loss=-0.0646, time=76.4s/iter (est. ~3818s per 50 iters)
Saved checkpoint to C:\Users\tahir\pyquaticus\pyquaticus-dynamic2026\training\ray_dynamic_tahir_v2\iter_400
Iter 405: return_mean=11.15, entropy=2.9037, policy_loss=-0.0672, time=76.6s/iter (est. ~3831s per 50 iters)
Saved checkpoint to C:\Users\tahir\pyquaticus\pyquaticus-dynamic2026\training\ray_dynamic_tahir_v2\iter_405
Iter 410: return_mean=11.08, entropy=2.8605, policy_loss=-0.0603, time=76.3s/iter (est. ~3814s per 50 iters)
Saved checkpoint to C:\Users\tahir\pyquaticus\pyquaticus-dynamic2026\training\ray_dynamic_tahir_v2\iter_410
Iter 415: return_mean=11.60, entropy=2.8511, policy_loss=-0.0646, time=76.3s/iter (est. ~3814s per 50 iters)
Saved checkpoint to C:\Users\tahir\pyquaticus\pyquaticus-dynamic2026\training\ray_dynamic_tahir_v2\iter_415
Iter 420: return_mean=12.46, entropy=2.8112, policy_loss=-0.0598, time=76.7s/iter (est. ~3835s per 50 iters)
Saved checkpoint to C:\Users\tahir\pyquaticus\pyquaticus-dynamic2026\training\ray_dynamic_tahir_v2\iter_420
Iter 425: return_mean=13.11, entropy=2.8590, policy_loss=-0.0665, time=76.5s/iter (est. ~3826s per 50 iters)
Saved checkpoint to C:\Users\tahir\pyquaticus\pyquaticus-dynamic2026\training\ray_dynamic_tahir_v2\iter_425
Iter 430: return_mean=12.90, entropy=2.8647, policy_loss=-0.0612, time=77.0s/iter (est. ~3852s per 50 iters)
Saved checkpoint to C:\Users\tahir\pyquaticus\pyquaticus-dynamic2026\training\ray_dynamic_tahir_v2\iter_430
Iter 435: return_mean=11.42, entropy=2.8285, policy_loss=-0.0633, time=76.9s/iter (est. ~3846s per 50 iters)
Saved checkpoint to C:\Users\tahir\pyquaticus\pyquaticus-dynamic2026\training\ray_dynamic_tahir_v2\iter_435
Iter 440: return_mean=11.32, entropy=2.8655, policy_loss=-0.0617, time=76.2s/iter (est. ~3812s per 50 iters)
Saved checkpoint to C:\Users\tahir\pyquaticus\pyquaticus-dynamic2026\training\ray_dynamic_tahir_v2\iter_440
Iter 445: return_mean=10.41, entropy=2.9363, policy_loss=-0.0579, time=75.9s/iter (est. ~3795s per 50 iters)
Saved checkpoint to C:\Users\tahir\pyquaticus\pyquaticus-dynamic2026\training\ray_dynamic_tahir_v2\iter_445
Iter 450: return_mean=11.37, entropy=2.9666, policy_loss=-0.0529, time=76.1s/iter (est. ~3804s per 50 iters)
Saved checkpoint to C:\Users\tahir\pyquaticus\pyquaticus-dynamic2026\training\ray_dynamic_tahir_v2\iter_450
Iter 455: return_mean=12.04, entropy=2.8519, policy_loss=-0.0613, time=76.6s/iter (est. ~3831s per 50 iters)
Saved checkpoint to C:\Users\tahir\pyquaticus\pyquaticus-dynamic2026\training\ray_dynamic_tahir_v2\iter_455
Iter 460: return_mean=12.47, entropy=2.9546, policy_loss=-0.0480, time=76.3s/iter (est. ~3814s per 50 iters)
Saved checkpoint to C:\Users\tahir\pyquaticus\pyquaticus-dynamic2026\training\ray_dynamic_tahir_v2\iter_460
Iter 465: return_mean=13.32, entropy=2.9978, policy_loss=-0.0515, time=76.1s/iter (est. ~3804s per 50 iters)
Saved checkpoint to C:\Users\tahir\pyquaticus\pyquaticus-dynamic2026\training\ray_dynamic_tahir_v2\iter_465
Iter 470: return_mean=11.81, entropy=2.9235, policy_loss=-0.0582, time=80.5s/iter (est. ~4027s per 50 iters)
Saved checkpoint to C:\Users\tahir\pyquaticus\pyquaticus-dynamic2026\training\ray_dynamic_tahir_v2\iter_470
Iter 475: return_mean=11.19, entropy=2.8124, policy_loss=-0.0662, time=80.9s/iter (est. ~4046s per 50 iters)
Saved checkpoint to C:\Users\tahir\pyquaticus\pyquaticus-dynamic2026\training\ray_dynamic_tahir_v2\iter_475
Iter 480: return_mean=10.47, entropy=2.9171, policy_loss=-0.0637, time=76.9s/iter (est. ~3844s per 50 iters)
Saved checkpoint to C:\Users\tahir\pyquaticus\pyquaticus-dynamic2026\training\ray_dynamic_tahir_v2\iter_480
Iter 485: return_mean=11.25, entropy=2.9057, policy_loss=-0.0553, time=76.0s/iter (est. ~3801s per 50 iters)
Saved checkpoint to C:\Users\tahir\pyquaticus\pyquaticus-dynamic2026\training\ray_dynamic_tahir_v2\iter_485
Iter 490: return_mean=12.00, entropy=2.9086, policy_loss=-0.0599, time=76.0s/iter (est. ~3800s per 50 iters)
Saved checkpoint to C:\Users\tahir\pyquaticus\pyquaticus-dynamic2026\training\ray_dynamic_tahir_v2\iter_490
Iter 495: return_mean=11.87, entropy=2.8659, policy_loss=-0.0692, time=76.7s/iter (est. ~3837s per 50 iters)
Saved checkpoint to C:\Users\tahir\pyquaticus\pyquaticus-dynamic2026\training\ray_dynamic_tahir_v2\iter_495
Iter 500: return_mean=11.74, entropy=2.8576, policy_loss=-0.0623, time=76.6s/iter (est. ~3829s per 50 iters)
Saved checkpoint to C:\Users\tahir\pyquaticus\pyquaticus-dynamic2026\training\ray_dynamic_tahir_v2\iter_500
Iter 505: return_mean=11.37, entropy=2.8046, policy_loss=-0.0649, time=76.7s/iter (est. ~3837s per 50 iters)
Saved checkpoint to C:\Users\tahir\pyquaticus\pyquaticus-dynamic2026\training\ray_dynamic_tahir_v2\iter_505
Iter 510: return_mean=12.47, entropy=2.8479, policy_loss=-0.0602, time=76.1s/iter (est. ~3806s per 50 iters)
Saved checkpoint to C:\Users\tahir\pyquaticus\pyquaticus-dynamic2026\training\ray_dynamic_tahir_v2\iter_510
Iter 515: return_mean=13.31, entropy=2.9388, policy_loss=-0.0562, time=75.9s/iter (est. ~3797s per 50 iters)
Saved checkpoint to C:\Users\tahir\pyquaticus\pyquaticus-dynamic2026\training\ray_dynamic_tahir_v2\iter_515
Iter 520: return_mean=12.71, entropy=2.8511, policy_loss=-0.0631, time=76.0s/iter (est. ~3799s per 50 iters)
Saved checkpoint to C:\Users\tahir\pyquaticus\pyquaticus-dynamic2026\training\ray_dynamic_tahir_v2\iter_520
Iter 525: return_mean=12.07, entropy=2.8437, policy_loss=-0.0649, time=76.4s/iter (est. ~3820s per 50 iters)
Saved checkpoint to C:\Users\tahir\pyquaticus\pyquaticus-dynamic2026\training\ray_dynamic_tahir_v2\iter_525
Iter 530: return_mean=11.65, entropy=2.9503, policy_loss=-0.0602, time=75.8s/iter (est. ~3792s per 50 iters)
Saved checkpoint to C:\Users\tahir\pyquaticus\pyquaticus-dynamic2026\training\ray_dynamic_tahir_v2\iter_530
Iter 535: return_mean=12.40, entropy=2.8469, policy_loss=-0.0641, time=78.3s/iter (est. ~3914s per 50 iters)
Saved checkpoint to C:\Users\tahir\pyquaticus\pyquaticus-dynamic2026\training\ray_dynamic_tahir_v2\iter_535
Iter 540: return_mean=12.26, entropy=2.8045, policy_loss=-0.0608, time=76.5s/iter (est. ~3823s per 50 iters)
Saved checkpoint to C:\Users\tahir\pyquaticus\pyquaticus-dynamic2026\training\ray_dynamic_tahir_v2\iter_540
Iter 545: return_mean=11.89, entropy=2.8933, policy_loss=-0.0534, time=76.3s/iter (est. ~3813s per 50 iters)
Saved checkpoint to C:\Users\tahir\pyquaticus\pyquaticus-dynamic2026\training\ray_dynamic_tahir_v2\iter_545
Iter 550: return_mean=11.72, entropy=2.8206, policy_loss=-0.0643, time=76.7s/iter (est. ~3834s per 50 iters)
Saved checkpoint to C:\Users\tahir\pyquaticus\pyquaticus-dynamic2026\training\ray_dynamic_tahir_v2\iter_550
Iter 555: return_mean=12.27, entropy=2.8534, policy_loss=-0.0644, time=76.7s/iter (est. ~3833s per 50 iters)
Saved checkpoint to C:\Users\tahir\pyquaticus\pyquaticus-dynamic2026\training\ray_dynamic_tahir_v2\iter_555
Iter 560: return_mean=12.45, entropy=2.8053, policy_loss=-0.0671, time=76.5s/iter (est. ~3823s per 50 iters)
Saved checkpoint to C:\Users\tahir\pyquaticus\pyquaticus-dynamic2026\training\ray_dynamic_tahir_v2\iter_560
Iter 565: return_mean=12.44, entropy=2.7384, policy_loss=-0.0607, time=76.9s/iter (est. ~3844s per 50 iters)
Saved checkpoint to C:\Users\tahir\pyquaticus\pyquaticus-dynamic2026\training\ray_dynamic_tahir_v2\iter_565
Iter 570: return_mean=12.57, entropy=2.8246, policy_loss=-0.0663, time=77.0s/iter (est. ~3849s per 50 iters)
Saved checkpoint to C:\Users\tahir\pyquaticus\pyquaticus-dynamic2026\training\ray_dynamic_tahir_v2\iter_570
Iter 575: return_mean=13.35, entropy=2.8244, policy_loss=-0.0641, time=77.0s/iter (est. ~3850s per 50 iters)
Saved checkpoint to C:\Users\tahir\pyquaticus\pyquaticus-dynamic2026\training\ray_dynamic_tahir_v2\iter_575
Iter 580: return_mean=13.39, entropy=2.8173, policy_loss=-0.0677, time=77.0s/iter (est. ~3851s per 50 iters)
Saved checkpoint to C:\Users\tahir\pyquaticus\pyquaticus-dynamic2026\training\ray_dynamic_tahir_v2\iter_580
Iter 585: return_mean=12.64, entropy=2.8269, policy_loss=-0.0622, time=76.6s/iter (est. ~3832s per 50 iters)
Saved checkpoint to C:\Users\tahir\pyquaticus\pyquaticus-dynamic2026\training\ray_dynamic_tahir_v2\iter_585
Iter 590: return_mean=11.99, entropy=2.8273, policy_loss=-0.0647, time=76.5s/iter (est. ~3827s per 50 iters)
Saved checkpoint to C:\Users\tahir\pyquaticus\pyquaticus-dynamic2026\training\ray_dynamic_tahir_v2\iter_590
Iter 595: return_mean=12.32, entropy=2.8089, policy_loss=-0.0666, time=76.6s/iter (est. ~3832s per 50 iters)
Saved checkpoint to C:\Users\tahir\pyquaticus\pyquaticus-dynamic2026\training\ray_dynamic_tahir_v2\iter_595
Iter 600: return_mean=12.69, entropy=2.7769, policy_loss=-0.0642, time=77.0s/iter (est. ~3850s per 50 iters)
Saved checkpoint to C:\Users\tahir\pyquaticus\pyquaticus-dynamic2026\training\ray_dynamic_tahir_v2\iter_600
Iter 605: return_mean=12.56, entropy=2.8461, policy_loss=-0.0651, time=77.1s/iter (est. ~3857s per 50 iters)
Saved checkpoint to C:\Users\tahir\pyquaticus\pyquaticus-dynamic2026\training\ray_dynamic_tahir_v2\iter_605
Iter 610: return_mean=12.97, entropy=2.8629, policy_loss=-0.0638, time=76.8s/iter (est. ~3841s per 50 iters)
Saved checkpoint to C:\Users\tahir\pyquaticus\pyquaticus-dynamic2026\training\ray_dynamic_tahir_v2\iter_610
Iter 615: return_mean=12.19, entropy=2.9449, policy_loss=-0.0624, time=77.4s/iter (est. ~3870s per 50 iters)
Saved checkpoint to C:\Users\tahir\pyquaticus\pyquaticus-dynamic2026\training\ray_dynamic_tahir_v2\iter_615
Iter 620: return_mean=11.97, entropy=2.9523, policy_loss=-0.0518, time=77.2s/iter (est. ~3858s per 50 iters)
Saved checkpoint to C:\Users\tahir\pyquaticus\pyquaticus-dynamic2026\training\ray_dynamic_tahir_v2\iter_620
Dynamic env: team_size=1-6 per team, init=spawn_line (fixed), tag_removes_agent=False, reinforcement_interval=0, reinforcement_prob=0.5, score_ends_episode=True, red_stationary=False
Red team using built-in heuristic (combined CTF, easy mode).
Resuming from C:\Users\tahir\pyquaticus\pyquaticus-dynamic2026\training\ray_dynamic_tahir_v2\iter_600 (next iteration 601)
Blue weights restored from resume checkpoint.
Red opponent: easy (current args). Blue weights restored from checkpoint.
Iter 605: return_mean=1.20, entropy=3.2027, policy_loss=-0.0068, time=77.7s/iter (est. ~3887s per 50 iters)
Saved checkpoint to training/ray_dynamic_tahir_v2\iter_605
Iter 610: return_mean=2.20, entropy=3.1474, policy_loss=-0.0202, time=77.2s/iter (est. ~3862s per 50 iters)
Saved checkpoint to training/ray_dynamic_tahir_v2\iter_610
Iter 615: return_mean=3.27, entropy=3.1487, policy_loss=-0.0196, time=122.9s/iter (est. ~6143s per 50 iters)
Saved checkpoint to training/ray_dynamic_tahir_v2\iter_615
Iter 620: return_mean=3.71, entropy=3.0860, policy_loss=-0.0244, time=77.2s/iter (est. ~3858s per 50 iters)
Saved checkpoint to training/ray_dynamic_tahir_v2\iter_620
Iter 625: return_mean=4.30, entropy=3.1006, policy_loss=-0.0251, time=77.5s/iter (est. ~3875s per 50 iters)
Saved checkpoint to training/ray_dynamic_tahir_v2\iter_625
Iter 630: return_mean=4.91, entropy=3.0795, policy_loss=-0.0313, time=77.8s/iter (est. ~3888s per 50 iters)
Saved checkpoint to training/ray_dynamic_tahir_v2\iter_630
Iter 635: return_mean=4.61, entropy=3.0963, policy_loss=-0.0280, time=77.4s/iter (est. ~3871s per 50 iters)
Saved checkpoint to training/ray_dynamic_tahir_v2\iter_635
Iter 640: return_mean=4.66, entropy=3.0404, policy_loss=-0.0295, time=77.9s/iter (est. ~3896s per 50 iters)
Saved checkpoint to training/ray_dynamic_tahir_v2\iter_640
Iter 645: return_mean=5.08, entropy=3.0234, policy_loss=-0.0294, time=84.8s/iter (est. ~4238s per 50 iters)
Saved checkpoint to training/ray_dynamic_tahir_v2\iter_645
Iter 650: return_mean=5.02, entropy=3.0362, policy_loss=-0.0320, time=77.8s/iter (est. ~3888s per 50 iters)
Saved checkpoint to training/ray_dynamic_tahir_v2\iter_650
Iter 655: return_mean=5.38, entropy=3.0119, policy_loss=-0.0363, time=78.2s/iter (est. ~3909s per 50 iters)
Saved checkpoint to training/ray_dynamic_tahir_v2\iter_655
Iter 660: return_mean=5.33, entropy=3.0133, policy_loss=-0.0348, time=77.0s/iter (est. ~3852s per 50 iters)
Saved checkpoint to training/ray_dynamic_tahir_v2\iter_660
Iter 665: return_mean=5.39, entropy=3.0438, policy_loss=-0.0351, time=78.4s/iter (est. ~3922s per 50 iters)
Saved checkpoint to training/ray_dynamic_tahir_v2\iter_665
Iter 670: return_mean=5.64, entropy=3.0009, policy_loss=-0.0434, time=78.2s/iter (est. ~3910s per 50 iters)
Saved checkpoint to training/ray_dynamic_tahir_v2\iter_670
Iter 675: return_mean=5.49, entropy=3.0331, policy_loss=-0.0408, time=78.4s/iter (est. ~3919s per 50 iters)
Saved checkpoint to training/ray_dynamic_tahir_v2\iter_675
Iter 680: return_mean=5.51, entropy=2.9924, policy_loss=-0.0405, time=78.5s/iter (est. ~3927s per 50 iters)
Saved checkpoint to training/ray_dynamic_tahir_v2\iter_680
Iter 685: return_mean=5.41, entropy=2.9961, policy_loss=-0.0364, time=78.8s/iter (est. ~3938s per 50 iters)
Saved checkpoint to training/ray_dynamic_tahir_v2\iter_685
Iter 690: return_mean=5.37, entropy=3.0147, policy_loss=-0.0369, time=77.4s/iter (est. ~3868s per 50 iters)
Saved checkpoint to training/ray_dynamic_tahir_v2\iter_690
Iter 695: return_mean=5.48, entropy=3.0104, policy_loss=-0.0390, time=76.9s/iter (est. ~3843s per 50 iters)
Saved checkpoint to training/ray_dynamic_tahir_v2\iter_695
Iter 700: return_mean=5.48, entropy=3.0480, policy_loss=-0.0357, time=75.9s/iter (est. ~3793s per 50 iters)
Saved checkpoint to training/ray_dynamic_tahir_v2\iter_700
Iter 705: return_mean=5.67, entropy=3.0464, policy_loss=-0.0389, time=75.9s/iter (est. ~3794s per 50 iters)
Saved checkpoint to training/ray_dynamic_tahir_v2\iter_705
Iter 710: return_mean=5.54, entropy=3.0058, policy_loss=-0.0379, time=76.6s/iter (est. ~3832s per 50 iters)
Saved checkpoint to training/ray_dynamic_tahir_v2\iter_710
Iter 715: return_mean=5.28, entropy=2.9712, policy_loss=-0.0377, time=75.8s/iter (est. ~3789s per 50 iters)
Saved checkpoint to training/ray_dynamic_tahir_v2\iter_715
Iter 720: return_mean=5.26, entropy=3.0066, policy_loss=-0.0429, time=75.6s/iter (est. ~3780s per 50 iters)
Saved checkpoint to training/ray_dynamic_tahir_v2\iter_720
Iter 725: return_mean=5.41, entropy=2.9980, policy_loss=-0.0354, time=76.1s/iter (est. ~3807s per 50 iters)
Saved checkpoint to training/ray_dynamic_tahir_v2\iter_725
Iter 730: return_mean=5.52, entropy=3.0116, policy_loss=-0.0361, time=76.0s/iter (est. ~3800s per 50 iters)
Saved checkpoint to training/ray_dynamic_tahir_v2\iter_730
Iter 735: return_mean=5.00, entropy=3.0245, policy_loss=-0.0374, time=75.5s/iter (est. ~3774s per 50 iters)
Saved checkpoint to training/ray_dynamic_tahir_v2\iter_735
Iter 740: return_mean=4.66, entropy=2.9971, policy_loss=-0.0406, time=76.1s/iter (est. ~3807s per 50 iters)
Saved checkpoint to training/ray_dynamic_tahir_v2\iter_740
Iter 745: return_mean=5.04, entropy=3.0085, policy_loss=-0.0401, time=76.5s/iter (est. ~3823s per 50 iters)
Saved checkpoint to training/ray_dynamic_tahir_v2\iter_745
Iter 750: return_mean=5.10, entropy=2.9918, policy_loss=-0.0350, time=76.3s/iter (est. ~3817s per 50 iters)
Saved checkpoint to training/ray_dynamic_tahir_v2\iter_750
Iter 755: return_mean=5.61, entropy=3.0193, policy_loss=-0.0329, time=76.3s/iter (est. ~3817s per 50 iters)
Saved checkpoint to training/ray_dynamic_tahir_v2\iter_755
Iter 760: return_mean=5.47, entropy=2.9844, policy_loss=-0.0369, time=76.0s/iter (est. ~3800s per 50 iters)
Saved checkpoint to training/ray_dynamic_tahir_v2\iter_760
Iter 765: return_mean=5.38, entropy=2.9841, policy_loss=-0.0400, time=76.7s/iter (est. ~3835s per 50 iters)
Saved checkpoint to training/ray_dynamic_tahir_v2\iter_765
Iter 770: return_mean=5.25, entropy=3.0183, policy_loss=-0.0381, time=76.0s/iter (est. ~3801s per 50 iters)
Saved checkpoint to training/ray_dynamic_tahir_v2\iter_770
Iter 775: return_mean=4.73, entropy=2.9692, policy_loss=-0.0437, time=76.1s/iter (est. ~3803s per 50 iters)
Saved checkpoint to training/ray_dynamic_tahir_v2\iter_775
Iter 780: return_mean=4.95, entropy=2.9990, policy_loss=-0.0365, time=76.3s/iter (est. ~3816s per 50 iters)
Saved checkpoint to training/ray_dynamic_tahir_v2\iter_780
Iter 785: return_mean=4.75, entropy=3.0040, policy_loss=-0.0356, time=77.0s/iter (est. ~3851s per 50 iters)
Saved checkpoint to training/ray_dynamic_tahir_v2\iter_785
Iter 790: return_mean=4.68, entropy=3.0464, policy_loss=-0.0335, time=76.0s/iter (est. ~3798s per 50 iters)
Saved checkpoint to training/ray_dynamic_tahir_v2\iter_790
Iter 795: return_mean=5.01, entropy=3.0539, policy_loss=-0.0375, time=76.3s/iter (est. ~3815s per 50 iters)
Saved checkpoint to training/ray_dynamic_tahir_v2\iter_795
Iter 800: return_mean=4.92, entropy=3.0310, policy_loss=-0.0271, time=77.1s/iter (est. ~3855s per 50 iters)
Saved checkpoint to training/ray_dynamic_tahir_v2\iter_800
Iter 805: return_mean=4.95, entropy=3.0157, policy_loss=-0.0393, time=77.0s/iter (est. ~3848s per 50 iters)
Saved checkpoint to training/ray_dynamic_tahir_v2\iter_805
Iter 810: return_mean=4.92, entropy=2.9986, policy_loss=-0.0335, time=76.5s/iter (est. ~3823s per 50 iters)
Saved checkpoint to training/ray_dynamic_tahir_v2\iter_810
Iter 815: return_mean=4.78, entropy=3.0078, policy_loss=-0.0336, time=76.0s/iter (est. ~3801s per 50 iters)
Saved checkpoint to training/ray_dynamic_tahir_v2\iter_815
Iter 820: return_mean=4.47, entropy=3.0658, policy_loss=-0.0292, time=76.5s/iter (est. ~3827s per 50 iters)
Saved checkpoint to training/ray_dynamic_tahir_v2\iter_820
Iter 825: return_mean=4.64, entropy=2.9614, policy_loss=-0.0326, time=77.4s/iter (est. ~3868s per 50 iters)
Saved checkpoint to training/ray_dynamic_tahir_v2\iter_825
Iter 830: return_mean=4.86, entropy=2.9942, policy_loss=-0.0292, time=76.7s/iter (est. ~3836s per 50 iters)
Saved checkpoint to training/ray_dynamic_tahir_v2\iter_830
Iter 835: return_mean=4.79, entropy=2.9696, policy_loss=-0.0380, time=77.5s/iter (est. ~3874s per 50 iters)
Saved checkpoint to training/ray_dynamic_tahir_v2\iter_835
Iter 840: return_mean=5.00, entropy=3.0251, policy_loss=-0.0409, time=76.9s/iter (est. ~3844s per 50 iters)
Saved checkpoint to training/ray_dynamic_tahir_v2\iter_840
Iter 845: return_mean=5.09, entropy=3.0237, policy_loss=-0.0372, time=76.8s/iter (est. ~3838s per 50 iters)
Saved checkpoint to training/ray_dynamic_tahir_v2\iter_845
Iter 850: return_mean=5.04, entropy=3.0046, policy_loss=-0.0346, time=76.7s/iter (est. ~3836s per 50 iters)
Saved checkpoint to training/ray_dynamic_tahir_v2\iter_850
Iter 855: return_mean=5.04, entropy=2.9928, policy_loss=-0.0412, time=76.4s/iter (est. ~3818s per 50 iters)
Saved checkpoint to training/ray_dynamic_tahir_v2\iter_855
Iter 860: return_mean=5.16, entropy=3.0277, policy_loss=-0.0413, time=77.5s/iter (est. ~3877s per 50 iters)
Saved checkpoint to training/ray_dynamic_tahir_v2\iter_860
Iter 865: return_mean=5.20, entropy=2.9840, policy_loss=-0.0356, time=77.4s/iter (est. ~3869s per 50 iters)
Saved checkpoint to training/ray_dynamic_tahir_v2\iter_865
Iter 870: return_mean=5.25, entropy=2.9975, policy_loss=-0.0390, time=76.5s/iter (est. ~3827s per 50 iters)
Saved checkpoint to training/ray_dynamic_tahir_v2\iter_870
Iter 875: return_mean=5.24, entropy=2.9711, policy_loss=-0.0433, time=76.6s/iter (est. ~3830s per 50 iters)
Saved checkpoint to training/ray_dynamic_tahir_v2\iter_875
Iter 880: return_mean=5.44, entropy=2.9563, policy_loss=-0.0427, time=77.5s/iter (est. ~3877s per 50 iters)
Saved checkpoint to training/ray_dynamic_tahir_v2\iter_880
Iter 885: return_mean=5.22, entropy=2.9347, policy_loss=-0.0306, time=78.0s/iter (est. ~3899s per 50 iters)
Saved checkpoint to training/ray_dynamic_tahir_v2\iter_885
Iter 890: return_mean=5.15, entropy=2.9551, policy_loss=-0.0356, time=77.7s/iter (est. ~3886s per 50 iters)
Saved checkpoint to training/ray_dynamic_tahir_v2\iter_890
Iter 895: return_mean=5.23, entropy=2.9418, policy_loss=-0.0501, time=77.5s/iter (est. ~3874s per 50 iters)
Saved checkpoint to training/ray_dynamic_tahir_v2\iter_895
Iter 900: return_mean=5.03, entropy=2.9718, policy_loss=-0.0447, time=77.2s/iter (est. ~3861s per 50 iters)
Saved checkpoint to training/ray_dynamic_tahir_v2\iter_900
Iter 905: return_mean=4.97, entropy=2.9387, policy_loss=-0.0426, time=77.4s/iter (est. ~3868s per 50 iters)
Saved checkpoint to training/ray_dynamic_tahir_v2\iter_905
Iter 910: return_mean=5.00, entropy=2.9402, policy_loss=-0.0463, time=77.1s/iter (est. ~3856s per 50 iters)
Saved checkpoint to training/ray_dynamic_tahir_v2\iter_910
Iter 915: return_mean=4.81, entropy=2.9767, policy_loss=-0.0514, time=76.9s/iter (est. ~3843s per 50 iters)
Saved checkpoint to training/ray_dynamic_tahir_v2\iter_915
Iter 920: return_mean=4.78, entropy=2.9946, policy_loss=-0.0359, time=77.3s/iter (est. ~3865s per 50 iters)
Saved checkpoint to training/ray_dynamic_tahir_v2\iter_920
Iter 925: return_mean=5.34, entropy=2.9698, policy_loss=-0.0395, time=78.2s/iter (est. ~3911s per 50 iters)
Saved checkpoint to training/ray_dynamic_tahir_v2\iter_925
Iter 930: return_mean=5.47, entropy=2.9760, policy_loss=-0.0464, time=77.3s/iter (est. ~3864s per 50 iters)
Saved checkpoint to training/ray_dynamic_tahir_v2\iter_930
Iter 935: return_mean=5.49, entropy=2.9353, policy_loss=-0.0465, time=77.6s/iter (est. ~3879s per 50 iters)
Saved checkpoint to training/ray_dynamic_tahir_v2\iter_935
Iter 940: return_mean=5.46, entropy=2.9850, policy_loss=-0.0472, time=76.9s/iter (est. ~3845s per 50 iters)
Saved checkpoint to training/ray_dynamic_tahir_v2\iter_940
Iter 945: return_mean=4.92, entropy=2.9508, policy_loss=-0.0488, time=76.9s/iter (est. ~3847s per 50 iters)
Saved checkpoint to training/ray_dynamic_tahir_v2\iter_945
Iter 950: return_mean=4.96, entropy=2.9170, policy_loss=-0.0404, time=77.4s/iter (est. ~3869s per 50 iters)
Saved checkpoint to training/ray_dynamic_tahir_v2\iter_950
Iter 955: return_mean=5.06, entropy=2.9730, policy_loss=-0.0341, time=77.5s/iter (est. ~3873s per 50 iters)
Saved checkpoint to training/ray_dynamic_tahir_v2\iter_955
Iter 960: return_mean=5.19, entropy=2.9608, policy_loss=-0.0432, time=77.7s/iter (est. ~3883s per 50 iters)
Saved checkpoint to training/ray_dynamic_tahir_v2\iter_960
Iter 965: return_mean=5.37, entropy=2.9587, policy_loss=-0.0346, time=77.9s/iter (est. ~3894s per 50 iters)
Saved checkpoint to training/ray_dynamic_tahir_v2\iter_965
Iter 970: return_mean=5.22, entropy=2.9306, policy_loss=-0.0537, time=76.5s/iter (est. ~3827s per 50 iters)
Saved checkpoint to training/ray_dynamic_tahir_v2\iter_970
Iter 975: return_mean=4.81, entropy=2.9277, policy_loss=-0.0316, time=77.3s/iter (est. ~3867s per 50 iters)
Saved checkpoint to training/ray_dynamic_tahir_v2\iter_975
Iter 980: return_mean=4.66, entropy=2.9648, policy_loss=-0.0427, time=77.0s/iter (est. ~3850s per 50 iters)
Saved checkpoint to training/ray_dynamic_tahir_v2\iter_980
Iter 985: return_mean=4.51, entropy=2.8642, policy_loss=-0.0514, time=77.4s/iter (est. ~3872s per 50 iters)
Saved checkpoint to training/ray_dynamic_tahir_v2\iter_985
Iter 990: return_mean=4.65, entropy=2.9778, policy_loss=-0.0380, time=77.4s/iter (est. ~3872s per 50 iters)
Saved checkpoint to training/ray_dynamic_tahir_v2\iter_990
Iter 995: return_mean=4.68, entropy=2.9030, policy_loss=-0.0394, time=77.9s/iter (est. ~3896s per 50 iters)
Saved checkpoint to training/ray_dynamic_tahir_v2\iter_995
Iter 1000: return_mean=4.45, entropy=2.7774, policy_loss=-0.0527, time=78.3s/iter (est. ~3917s per 50 iters)
Saved checkpoint to training/ray_dynamic_tahir_v2\iter_1000
Iter 1005: return_mean=3.85, entropy=2.9527, policy_loss=-0.0449, time=77.4s/iter (est. ~3871s per 50 iters)
Saved checkpoint to training/ray_dynamic_tahir_v2\iter_1005
Iter 1010: return_mean=4.31, entropy=2.8639, policy_loss=-0.0562, time=77.4s/iter (est. ~3872s per 50 iters)
Saved checkpoint to training/ray_dynamic_tahir_v2\iter_1010
Iter 1015: return_mean=4.58, entropy=2.9515, policy_loss=-0.0445, time=77.4s/iter (est. ~3871s per 50 iters)
Saved checkpoint to training/ray_dynamic_tahir_v2\iter_1015
Iter 1020: return_mean=4.75, entropy=2.8485, policy_loss=-0.0555, time=78.1s/iter (est. ~3905s per 50 iters)
Saved checkpoint to training/ray_dynamic_tahir_v2\iter_1020
Iter 1025: return_mean=5.33, entropy=2.8341, policy_loss=-0.0405, time=78.2s/iter (est. ~3912s per 50 iters)
Saved checkpoint to training/ray_dynamic_tahir_v2\iter_1025
Iter 1030: return_mean=5.07, entropy=2.9353, policy_loss=-0.0415, time=77.6s/iter (est. ~3879s per 50 iters)
Saved checkpoint to training/ray_dynamic_tahir_v2\iter_1030
Iter 1035: return_mean=5.49, entropy=2.9510, policy_loss=-0.0363, time=78.0s/iter (est. ~3900s per 50 iters)
Saved checkpoint to training/ray_dynamic_tahir_v2\iter_1035
Iter 1040: return_mean=5.36, entropy=2.9181, policy_loss=-0.0517, time=77.4s/iter (est. ~3869s per 50 iters)
Saved checkpoint to training/ray_dynamic_tahir_v2\iter_1040
Iter 1045: return_mean=5.19, entropy=2.9442, policy_loss=-0.0432, time=77.3s/iter (est. ~3864s per 50 iters)
Saved checkpoint to training/ray_dynamic_tahir_v2\iter_1045
Iter 1050: return_mean=5.30, entropy=2.9079, policy_loss=-0.0531, time=78.2s/iter (est. ~3910s per 50 iters)
Saved checkpoint to training/ray_dynamic_tahir_v2\iter_1050
Iter 1055: return_mean=5.61, entropy=2.9029, policy_loss=-0.0534, time=78.2s/iter (est. ~3911s per 50 iters)
Saved checkpoint to training/ray_dynamic_tahir_v2\iter_1055
Iter 1060: return_mean=5.41, entropy=2.9665, policy_loss=-0.0426, time=77.7s/iter (est. ~3884s per 50 iters)
Saved checkpoint to training/ray_dynamic_tahir_v2\iter_1060
Iter 1065: return_mean=5.29, entropy=2.8383, policy_loss=-0.0442, time=77.9s/iter (est. ~3896s per 50 iters)
Saved checkpoint to training/ray_dynamic_tahir_v2\iter_1065
Iter 1070: return_mean=5.20, entropy=2.9595, policy_loss=-0.0365, time=77.4s/iter (est. ~3868s per 50 iters)
Saved checkpoint to training/ray_dynamic_tahir_v2\iter_1070
Iter 1075: return_mean=4.84, entropy=2.8780, policy_loss=-0.0487, time=77.9s/iter (est. ~3894s per 50 iters)
Saved checkpoint to training/ray_dynamic_tahir_v2\iter_1075
Iter 1080: return_mean=5.00, entropy=2.9331, policy_loss=-0.0424, time=121.5s/iter (est. ~6077s per 50 iters)
Saved checkpoint to training/ray_dynamic_tahir_v2\iter_1080
Dynamic env: team_size=1-6 per team, init=spawn_line (fixed), tag_removes_agent=False, reinforcement_interval=0, reinforcement_prob=0.5, score_ends_episode=True, red_stationary=False
Red team using built-in heuristic (combined CTF, medium mode).
Resuming from C:\Users\tahir\pyquaticus\pyquaticus-dynamic2026\training\ray_dynamic_tahir_v2\iter_1080 (next iteration 1081)
Blue weights restored from resume checkpoint.
Red opponent: medium (current args). Blue weights restored from checkpoint.
Iter 1085: return_mean=0.64, entropy=3.2025, policy_loss=-0.0035, time=77.1s/iter (est. ~3855s per 50 iters)
Saved checkpoint to training/ray_dynamic_tahir_v2\iter_1085
Iter 1090: return_mean=0.40, entropy=3.1946, policy_loss=-0.0060, time=78.6s/iter (est. ~3931s per 50 iters)
Saved checkpoint to training/ray_dynamic_tahir_v2\iter_1090
Iter 1095: return_mean=0.80, entropy=3.1884, policy_loss=-0.0063, time=77.7s/iter (est. ~3883s per 50 iters)
Saved checkpoint to training/ray_dynamic_tahir_v2\iter_1095
Iter 1100: return_mean=1.57, entropy=3.1665, policy_loss=-0.0139, time=77.2s/iter (est. ~3858s per 50 iters)
Saved checkpoint to training/ray_dynamic_tahir_v2\iter_1100
Iter 1105: return_mean=1.54, entropy=3.1685, policy_loss=-0.0115, time=82.5s/iter (est. ~4126s per 50 iters)
Saved checkpoint to training/ray_dynamic_tahir_v2\iter_1105
Iter 1110: return_mean=2.10, entropy=3.1458, policy_loss=-0.0087, time=82.2s/iter (est. ~4110s per 50 iters)
Saved checkpoint to training/ray_dynamic_tahir_v2\iter_1110
Iter 1115: return_mean=2.50, entropy=3.0813, policy_loss=-0.0193, time=78.1s/iter (est. ~3904s per 50 iters)
Saved checkpoint to training/ray_dynamic_tahir_v2\iter_1115
Iter 1120: return_mean=2.46, entropy=3.0934, policy_loss=-0.0147, time=79.3s/iter (est. ~3963s per 50 iters)
Saved checkpoint to training/ray_dynamic_tahir_v2\iter_1120
Iter 1125: return_mean=3.08, entropy=3.1002, policy_loss=-0.0199, time=77.8s/iter (est. ~3890s per 50 iters)
Saved checkpoint to training/ray_dynamic_tahir_v2\iter_1125
Iter 1130: return_mean=3.85, entropy=3.1039, policy_loss=-0.0223, time=77.8s/iter (est. ~3890s per 50 iters)
Saved checkpoint to training/ray_dynamic_tahir_v2\iter_1130
Iter 1135: return_mean=4.03, entropy=3.1001, policy_loss=-0.0226, time=77.7s/iter (est. ~3886s per 50 iters)
Saved checkpoint to training/ray_dynamic_tahir_v2\iter_1135
Iter 1140: return_mean=3.94, entropy=3.1343, policy_loss=-0.0148, time=77.2s/iter (est. ~3860s per 50 iters)
Saved checkpoint to training/ray_dynamic_tahir_v2\iter_1140
Iter 1145: return_mean=4.13, entropy=3.1052, policy_loss=-0.0219, time=77.4s/iter (est. ~3868s per 50 iters)
Saved checkpoint to training/ray_dynamic_tahir_v2\iter_1145
Iter 1150: return_mean=4.14, entropy=3.1043, policy_loss=-0.0180, time=77.3s/iter (est. ~3867s per 50 iters)
Saved checkpoint to training/ray_dynamic_tahir_v2\iter_1150
Iter 1155: return_mean=4.14, entropy=3.0838, policy_loss=-0.0184, time=78.1s/iter (est. ~3904s per 50 iters)
Saved checkpoint to training/ray_dynamic_tahir_v2\iter_1155
Iter 1160: return_mean=4.15, entropy=3.0954, policy_loss=-0.0146, time=78.6s/iter (est. ~3928s per 50 iters)
Saved checkpoint to training/ray_dynamic_tahir_v2\iter_1160
Iter 1165: return_mean=4.67, entropy=3.0772, policy_loss=-0.0228, time=81.7s/iter (est. ~4084s per 50 iters)
Saved checkpoint to training/ray_dynamic_tahir_v2\iter_1165
Iter 1170: return_mean=5.05, entropy=3.1100, policy_loss=-0.0227, time=80.2s/iter (est. ~4012s per 50 iters)
Saved checkpoint to training/ray_dynamic_tahir_v2\iter_1170
Iter 1175: return_mean=5.33, entropy=3.0534, policy_loss=-0.0358, time=78.0s/iter (est. ~3898s per 50 iters)
Saved checkpoint to training/ray_dynamic_tahir_v2\iter_1175
Iter 1180: return_mean=5.53, entropy=3.0678, policy_loss=-0.0220, time=75.8s/iter (est. ~3790s per 50 iters)
Saved checkpoint to training/ray_dynamic_tahir_v2\iter_1180
Iter 1185: return_mean=4.78, entropy=3.0538, policy_loss=-0.0185, time=75.8s/iter (est. ~3790s per 50 iters)
Saved checkpoint to training/ray_dynamic_tahir_v2\iter_1185
Iter 1190: return_mean=4.54, entropy=3.0335, policy_loss=-0.0335, time=75.7s/iter (est. ~3783s per 50 iters)
Saved checkpoint to training/ray_dynamic_tahir_v2\iter_1190
Iter 1195: return_mean=4.45, entropy=3.0970, policy_loss=-0.0110, time=75.4s/iter (est. ~3770s per 50 iters)
Saved checkpoint to training/ray_dynamic_tahir_v2\iter_1195
Iter 1200: return_mean=4.53, entropy=3.0846, policy_loss=-0.0239, time=75.5s/iter (est. ~3774s per 50 iters)
Saved checkpoint to training/ray_dynamic_tahir_v2\iter_1200
Iter 1205: return_mean=4.79, entropy=3.0964, policy_loss=-0.0078, time=74.6s/iter (est. ~3732s per 50 iters)
Saved checkpoint to training/ray_dynamic_tahir_v2\iter_1205
Iter 1210: return_mean=4.89, entropy=3.0774, policy_loss=-0.0212, time=74.7s/iter (est. ~3735s per 50 iters)
Saved checkpoint to training/ray_dynamic_tahir_v2\iter_1210
Iter 1215: return_mean=5.24, entropy=3.1208, policy_loss=-0.0164, time=74.0s/iter (est. ~3698s per 50 iters)
Saved checkpoint to training/ray_dynamic_tahir_v2\iter_1215
Iter 1220: return_mean=5.03, entropy=3.0920, policy_loss=-0.0153, time=74.3s/iter (est. ~3717s per 50 iters)
Saved checkpoint to training/ray_dynamic_tahir_v2\iter_1220
Iter 1225: return_mean=4.89, entropy=3.1142, policy_loss=-0.0205, time=74.3s/iter (est. ~3713s per 50 iters)
Saved checkpoint to training/ray_dynamic_tahir_v2\iter_1225
Iter 1230: return_mean=4.14, entropy=3.1210, policy_loss=-0.0107, time=74.5s/iter (est. ~3727s per 50 iters)
Saved checkpoint to training/ray_dynamic_tahir_v2\iter_1230
Iter 1235: return_mean=4.36, entropy=3.0535, policy_loss=-0.0232, time=74.8s/iter (est. ~3740s per 50 iters)
Saved checkpoint to training/ray_dynamic_tahir_v2\iter_1235
Iter 1240: return_mean=4.09, entropy=3.1344, policy_loss=-0.0149, time=73.8s/iter (est. ~3689s per 50 iters)
Saved checkpoint to training/ray_dynamic_tahir_v2\iter_1240
Iter 1245: return_mean=4.65, entropy=3.0472, policy_loss=-0.0283, time=75.2s/iter (est. ~3760s per 50 iters)
Saved checkpoint to training/ray_dynamic_tahir_v2\iter_1245
Iter 1250: return_mean=4.68, entropy=3.0755, policy_loss=-0.0157, time=74.1s/iter (est. ~3707s per 50 iters)
Saved checkpoint to training/ray_dynamic_tahir_v2\iter_1250
Iter 1255: return_mean=4.06, entropy=3.0380, policy_loss=-0.0199, time=74.1s/iter (est. ~3704s per 50 iters)
Saved checkpoint to training/ray_dynamic_tahir_v2\iter_1255
Iter 1260: return_mean=4.20, entropy=3.0863, policy_loss=-0.0182, time=73.7s/iter (est. ~3687s per 50 iters)
Saved checkpoint to training/ray_dynamic_tahir_v2\iter_1260
Iter 1265: return_mean=3.98, entropy=3.0969, policy_loss=-0.0195, time=73.3s/iter (est. ~3666s per 50 iters)
Saved checkpoint to training/ray_dynamic_tahir_v2\iter_1265
Iter 1270: return_mean=4.01, entropy=3.0711, policy_loss=-0.0194, time=73.8s/iter (est. ~3688s per 50 iters)
Saved checkpoint to training/ray_dynamic_tahir_v2\iter_1270
Iter 1275: return_mean=4.35, entropy=3.0860, policy_loss=-0.0218, time=73.3s/iter (est. ~3665s per 50 iters)
Saved checkpoint to training/ray_dynamic_tahir_v2\iter_1275
Iter 1280: return_mean=4.53, entropy=3.0815, policy_loss=-0.0223, time=73.1s/iter (est. ~3655s per 50 iters)
Saved checkpoint to training/ray_dynamic_tahir_v2\iter_1280
Iter 1285: return_mean=4.39, entropy=3.0276, policy_loss=-0.0309, time=73.7s/iter (est. ~3685s per 50 iters)
Saved checkpoint to training/ray_dynamic_tahir_v2\iter_1285
Iter 1290: return_mean=4.79, entropy=3.0918, policy_loss=-0.0208, time=73.0s/iter (est. ~3649s per 50 iters)
Saved checkpoint to training/ray_dynamic_tahir_v2\iter_1290
Iter 1295: return_mean=4.89, entropy=3.1014, policy_loss=-0.0189, time=72.7s/iter (est. ~3635s per 50 iters)
Saved checkpoint to training/ray_dynamic_tahir_v2\iter_1295
Iter 1300: return_mean=4.90, entropy=3.0978, policy_loss=-0.0151, time=72.8s/iter (est. ~3639s per 50 iters)
Saved checkpoint to training/ray_dynamic_tahir_v2\iter_1300
Iter 1305: return_mean=4.62, entropy=3.1030, policy_loss=-0.0132, time=72.7s/iter (est. ~3634s per 50 iters)
Saved checkpoint to training/ray_dynamic_tahir_v2\iter_1305
Iter 1310: return_mean=4.16, entropy=3.0904, policy_loss=-0.0150, time=72.7s/iter (est. ~3633s per 50 iters)
Saved checkpoint to training/ray_dynamic_tahir_v2\iter_1310
Iter 1315: return_mean=4.01, entropy=3.1244, policy_loss=-0.0129, time=73.2s/iter (est. ~3659s per 50 iters)
Saved checkpoint to training/ray_dynamic_tahir_v2\iter_1315
Iter 1320: return_mean=3.71, entropy=3.1313, policy_loss=-0.0120, time=73.7s/iter (est. ~3683s per 50 iters)
Saved checkpoint to training/ray_dynamic_tahir_v2\iter_1320
Iter 1325: return_mean=3.60, entropy=3.1440, policy_loss=-0.0131, time=73.9s/iter (est. ~3693s per 50 iters)
Saved checkpoint to training/ray_dynamic_tahir_v2\iter_1325
Iter 1330: return_mean=3.86, entropy=3.1248, policy_loss=-0.0102, time=75.3s/iter (est. ~3765s per 50 iters)
Saved checkpoint to training/ray_dynamic_tahir_v2\iter_1330
Iter 1335: return_mean=4.04, entropy=3.1177, policy_loss=-0.0136, time=74.5s/iter (est. ~3724s per 50 iters)
Saved checkpoint to training/ray_dynamic_tahir_v2\iter_1335
Iter 1340: return_mean=4.04, entropy=3.1274, policy_loss=-0.0119, time=75.1s/iter (est. ~3753s per 50 iters)
Saved checkpoint to training/ray_dynamic_tahir_v2\iter_1340
Iter 1345: return_mean=4.26, entropy=3.1454, policy_loss=-0.0072, time=75.3s/iter (est. ~3767s per 50 iters)
Saved checkpoint to training/ray_dynamic_tahir_v2\iter_1345
Iter 1350: return_mean=3.75, entropy=3.1160, policy_loss=-0.0126, time=75.1s/iter (est. ~3755s per 50 iters)
Saved checkpoint to training/ray_dynamic_tahir_v2\iter_1350
Iter 1355: return_mean=3.86, entropy=3.1308, policy_loss=-0.0076, time=74.9s/iter (est. ~3745s per 50 iters)
Saved checkpoint to training/ray_dynamic_tahir_v2\iter_1355
Iter 1360: return_mean=4.33, entropy=3.1148, policy_loss=-0.0220, time=74.7s/iter (est. ~3737s per 50 iters)
Saved checkpoint to training/ray_dynamic_tahir_v2\iter_1360
Iter 1365: return_mean=4.66, entropy=3.1133, policy_loss=-0.0190, time=74.6s/iter (est. ~3732s per 50 iters)
Saved checkpoint to training/ray_dynamic_tahir_v2\iter_1365
Iter 1370: return_mean=5.22, entropy=3.1072, policy_loss=-0.0105, time=74.2s/iter (est. ~3710s per 50 iters)
Saved checkpoint to training/ray_dynamic_tahir_v2\iter_1370
Iter 1375: return_mean=4.97, entropy=3.1204, policy_loss=-0.0125, time=74.9s/iter (est. ~3744s per 50 iters)
Saved checkpoint to training/ray_dynamic_tahir_v2\iter_1375
Iter 1380: return_mean=4.76, entropy=3.1212, policy_loss=-0.0168, time=74.5s/iter (est. ~3727s per 50 iters)
Saved checkpoint to training/ray_dynamic_tahir_v2\iter_1380
Iter 1385: return_mean=4.67, entropy=3.1235, policy_loss=-0.0179, time=75.4s/iter (est. ~3770s per 50 iters)
Saved checkpoint to training/ray_dynamic_tahir_v2\iter_1385
Iter 1390: return_mean=4.56, entropy=3.0909, policy_loss=-0.0180, time=76.7s/iter (est. ~3836s per 50 iters)
Saved checkpoint to training/ray_dynamic_tahir_v2\iter_1390
Iter 1395: return_mean=4.29, entropy=3.1101, policy_loss=-0.0211, time=77.4s/iter (est. ~3869s per 50 iters)
Saved checkpoint to training/ray_dynamic_tahir_v2\iter_1395
Iter 1400: return_mean=4.13, entropy=3.1059, policy_loss=-0.0143, time=75.2s/iter (est. ~3762s per 50 iters)
Saved checkpoint to training/ray_dynamic_tahir_v2\iter_1400
Iter 1405: return_mean=3.99, entropy=3.1302, policy_loss=-0.0158, time=75.4s/iter (est. ~3772s per 50 iters)
Saved checkpoint to training/ray_dynamic_tahir_v2\iter_1405
Iter 1410: return_mean=4.10, entropy=3.1223, policy_loss=-0.0155, time=74.9s/iter (est. ~3743s per 50 iters)
Saved checkpoint to training/ray_dynamic_tahir_v2\iter_1410
Iter 1415: return_mean=4.50, entropy=3.1056, policy_loss=-0.0185, time=74.7s/iter (est. ~3733s per 50 iters)
Saved checkpoint to training/ray_dynamic_tahir_v2\iter_1415
Iter 1420: return_mean=4.79, entropy=3.1130, policy_loss=-0.0127, time=75.0s/iter (est. ~3749s per 50 iters)
Saved checkpoint to training/ray_dynamic_tahir_v2\iter_1420
Iter 1425: return_mean=4.96, entropy=3.1049, policy_loss=-0.0147, time=75.2s/iter (est. ~3758s per 50 iters)
Saved checkpoint to training/ray_dynamic_tahir_v2\iter_1425
Iter 1430: return_mean=4.42, entropy=3.0868, policy_loss=-0.0250, time=74.6s/iter (est. ~3729s per 50 iters)
Saved checkpoint to training/ray_dynamic_tahir_v2\iter_1430
Iter 1435: return_mean=4.53, entropy=3.1210, policy_loss=-0.0169, time=75.3s/iter (est. ~3765s per 50 iters)
Saved checkpoint to training/ray_dynamic_tahir_v2\iter_1435
Iter 1440: return_mean=4.25, entropy=3.1134, policy_loss=-0.0163, time=75.4s/iter (est. ~3768s per 50 iters)
Saved checkpoint to training/ray_dynamic_tahir_v2\iter_1440
Iter 1445: return_mean=4.33, entropy=3.1405, policy_loss=-0.0121, time=76.0s/iter (est. ~3802s per 50 iters)
Saved checkpoint to training/ray_dynamic_tahir_v2\iter_1445
Iter 1450: return_mean=4.28, entropy=3.1534, policy_loss=-0.0070, time=74.7s/iter (est. ~3736s per 50 iters)
Saved checkpoint to training/ray_dynamic_tahir_v2\iter_1450
Iter 1455: return_mean=3.98, entropy=3.1324, policy_loss=-0.0134, time=75.4s/iter (est. ~3770s per 50 iters)
Saved checkpoint to training/ray_dynamic_tahir_v2\iter_1455
Iter 1460: return_mean=3.93, entropy=3.1122, policy_loss=-0.0110, time=75.2s/iter (est. ~3762s per 50 iters)
Saved checkpoint to training/ray_dynamic_tahir_v2\iter_1460
Iter 1465: return_mean=4.05, entropy=3.1456, policy_loss=-0.0087, time=74.8s/iter (est. ~3739s per 50 iters)
Saved checkpoint to training/ray_dynamic_tahir_v2\iter_1465
Iter 1470: return_mean=4.11, entropy=3.1343, policy_loss=-0.0138, time=74.7s/iter (est. ~3735s per 50 iters)
Saved checkpoint to training/ray_dynamic_tahir_v2\iter_1470
Iter 1475: return_mean=4.00, entropy=3.1409, policy_loss=-0.0141, time=74.8s/iter (est. ~3742s per 50 iters)
Saved checkpoint to training/ray_dynamic_tahir_v2\iter_1475
Iter 1480: return_mean=3.86, entropy=3.1196, policy_loss=-0.0104, time=74.8s/iter (est. ~3741s per 50 iters)
Saved checkpoint to training/ray_dynamic_tahir_v2\iter_1480
Iter 1485: return_mean=4.07, entropy=3.1284, policy_loss=-0.0162, time=74.3s/iter (est. ~3714s per 50 iters)
Saved checkpoint to training/ray_dynamic_tahir_v2\iter_1485
Iter 1490: return_mean=4.40, entropy=3.1135, policy_loss=-0.0177, time=75.3s/iter (est. ~3763s per 50 iters)
Saved checkpoint to training/ray_dynamic_tahir_v2\iter_1490
Iter 1495: return_mean=4.53, entropy=3.1262, policy_loss=-0.0108, time=75.7s/iter (est. ~3787s per 50 iters)
Saved checkpoint to training/ray_dynamic_tahir_v2\iter_1495
Iter 1500: return_mean=4.56, entropy=3.1405, policy_loss=-0.0091, time=75.2s/iter (est. ~3760s per 50 iters)
Saved checkpoint to training/ray_dynamic_tahir_v2\iter_1500
Iter 1505: return_mean=4.43, entropy=3.1479, policy_loss=-0.0078, time=74.7s/iter (est. ~3736s per 50 iters)
Saved checkpoint to training/ray_dynamic_tahir_v2\iter_1505
Iter 1510: return_mean=4.15, entropy=3.1606, policy_loss=-0.0085, time=74.6s/iter (est. ~3731s per 50 iters)
Saved checkpoint to training/ray_dynamic_tahir_v2\iter_1510
Iter 1515: return_mean=4.00, entropy=3.1477, policy_loss=-0.0111, time=74.8s/iter (est. ~3741s per 50 iters)
Saved checkpoint to training/ray_dynamic_tahir_v2\iter_1515
Iter 1520: return_mean=4.37, entropy=3.1185, policy_loss=-0.0104, time=75.7s/iter (est. ~3786s per 50 iters)
Saved checkpoint to training/ray_dynamic_tahir_v2\iter_1520
Iter 1525: return_mean=4.71, entropy=3.1376, policy_loss=-0.0086, time=75.0s/iter (est. ~3750s per 50 iters)
Saved checkpoint to training/ray_dynamic_tahir_v2\iter_1525
Iter 1530: return_mean=4.64, entropy=3.1235, policy_loss=-0.0107, time=75.0s/iter (est. ~3751s per 50 iters)
Saved checkpoint to training/ray_dynamic_tahir_v2\iter_1530
Iter 1535: return_mean=4.74, entropy=3.1476, policy_loss=-0.0089, time=74.8s/iter (est. ~3740s per 50 iters)
Saved checkpoint to training/ray_dynamic_tahir_v2\iter_1535
Iter 1540: return_mean=4.49, entropy=3.1172, policy_loss=-0.0118, time=75.4s/iter (est. ~3771s per 50 iters)
Saved checkpoint to training/ray_dynamic_tahir_v2\iter_1540
Iter 1545: return_mean=4.35, entropy=3.1478, policy_loss=-0.0095, time=74.5s/iter (est. ~3725s per 50 iters)
Saved checkpoint to training/ray_dynamic_tahir_v2\iter_1545
Iter 1550: return_mean=4.50, entropy=3.1279, policy_loss=-0.0107, time=75.0s/iter (est. ~3749s per 50 iters)
Saved checkpoint to training/ray_dynamic_tahir_v2\iter_1550
Iter 1555: return_mean=4.69, entropy=3.1368, policy_loss=-0.0088, time=74.9s/iter (est. ~3747s per 50 iters)
Saved checkpoint to training/ray_dynamic_tahir_v2\iter_1555
Iter 1560: return_mean=4.69, entropy=3.1328, policy_loss=-0.0114, time=75.3s/iter (est. ~3765s per 50 iters)
Saved checkpoint to training/ray_dynamic_tahir_v2\iter_1560
Iter 1565: return_mean=4.30, entropy=3.1517, policy_loss=-0.0076, time=75.1s/iter (est. ~3755s per 50 iters)
Saved checkpoint to training/ray_dynamic_tahir_v2\iter_1565
Iter 1570: return_mean=4.16, entropy=3.1241, policy_loss=-0.0110, time=75.5s/iter (est. ~3773s per 50 iters)
Saved checkpoint to training/ray_dynamic_tahir_v2\iter_1570
Iter 1575: return_mean=4.26, entropy=3.1241, policy_loss=-0.0154, time=75.6s/iter (est. ~3779s per 50 iters)
Saved checkpoint to training/ray_dynamic_tahir_v2\iter_1575
Iter 1580: return_mean=4.72, entropy=3.1068, policy_loss=-0.0121, time=75.3s/iter (est. ~3763s per 50 iters)
Saved checkpoint to training/ray_dynamic_tahir_v2\iter_1580
Iter 1585: return_mean=4.59, entropy=3.1393, policy_loss=0.0003, time=75.3s/iter (est. ~3763s per 50 iters)
Saved checkpoint to training/ray_dynamic_tahir_v2\iter_1585
Iter 1590: return_mean=4.39, entropy=3.1350, policy_loss=-0.0117, time=74.7s/iter (est. ~3734s per 50 iters)
Saved checkpoint to training/ray_dynamic_tahir_v2\iter_1590
Iter 1595: return_mean=4.29, entropy=3.1165, policy_loss=-0.0110, time=75.3s/iter (est. ~3767s per 50 iters)
Saved checkpoint to training/ray_dynamic_tahir_v2\iter_1595
Iter 1600: return_mean=3.88, entropy=3.1174, policy_loss=-0.0073, time=75.1s/iter (est. ~3757s per 50 iters)
Saved checkpoint to training/ray_dynamic_tahir_v2\iter_1600
Iter 1605: return_mean=4.28, entropy=3.1355, policy_loss=-0.0163, time=74.4s/iter (est. ~3721s per 50 iters)
Saved checkpoint to training/ray_dynamic_tahir_v2\iter_1605
Iter 1610: return_mean=4.46, entropy=3.1399, policy_loss=-0.0094, time=74.4s/iter (est. ~3718s per 50 iters)
Saved checkpoint to training/ray_dynamic_tahir_v2\iter_1610
Iter 1615: return_mean=4.49, entropy=3.1335, policy_loss=-0.0141, time=74.9s/iter (est. ~3745s per 50 iters)
Saved checkpoint to training/ray_dynamic_tahir_v2\iter_1615
Iter 1620: return_mean=4.76, entropy=3.1116, policy_loss=-0.0149, time=74.7s/iter (est. ~3736s per 50 iters)
Saved checkpoint to training/ray_dynamic_tahir_v2\iter_1620
Iter 1625: return_mean=5.01, entropy=3.1300, policy_loss=-0.0155, time=74.9s/iter (est. ~3746s per 50 iters)
Saved checkpoint to training/ray_dynamic_tahir_v2\iter_1625
Iter 1630: return_mean=4.78, entropy=3.0971, policy_loss=-0.0129, time=75.2s/iter (est. ~3761s per 50 iters)
Saved checkpoint to training/ray_dynamic_tahir_v2\iter_1630
Iter 1635: return_mean=4.71, entropy=3.1158, policy_loss=-0.0112, time=75.9s/iter (est. ~3794s per 50 iters)
Saved checkpoint to training/ray_dynamic_tahir_v2\iter_1635
Iter 1640: return_mean=4.83, entropy=3.1306, policy_loss=-0.0093, time=75.1s/iter (est. ~3753s per 50 iters)
Saved checkpoint to training/ray_dynamic_tahir_v2\iter_1640
Iter 1645: return_mean=4.60, entropy=3.1350, policy_loss=-0.0133, time=75.2s/iter (est. ~3760s per 50 iters)
Saved checkpoint to training/ray_dynamic_tahir_v2\iter_1645
Iter 1650: return_mean=4.88, entropy=3.1184, policy_loss=-0.0130, time=75.0s/iter (est. ~3751s per 50 iters)
Saved checkpoint to training/ray_dynamic_tahir_v2\iter_1650
Iter 1655: return_mean=5.06, entropy=3.0985, policy_loss=-0.0078, time=75.3s/iter (est. ~3765s per 50 iters)
Saved checkpoint to training/ray_dynamic_tahir_v2\iter_1655
Iter 1660: return_mean=4.79, entropy=3.1654, policy_loss=-0.0094, time=74.5s/iter (est. ~3724s per 50 iters)
Saved checkpoint to training/ray_dynamic_tahir_v2\iter_1660
Iter 1665: return_mean=4.43, entropy=3.1044, policy_loss=-0.0178, time=75.2s/iter (est. ~3758s per 50 iters)
Saved checkpoint to training/ray_dynamic_tahir_v2\iter_1665
Iter 1670: return_mean=4.24, entropy=3.1273, policy_loss=-0.0086, time=92.2s/iter (est. ~4608s per 50 iters)
Saved checkpoint to training/ray_dynamic_tahir_v2\iter_1670
